<?xml version="1.0" encoding="UTF-8"?>
<TestRun id="2f820e29-4d70-4d57-901e-92e6eddac73d" name="249888@D790N0242 2012-09-14 09:27:04" runUser="BAYAD\249888" xmlns="http://microsoft.com/schemas/VisualStudio/TeamTest/2010">
  <TestSettings name="Local" id="8d012ad7-c033-4564-89fa-393be2493f34">
    <Description>These are default test settings for a local test run.</Description>
    <Deployment enabled="false" runDeploymentRoot="249888_D790N0242 2012-09-14 09_27_04">
      <DeploymentItem filename="D:\workspaces\SharedLib\log4net.dll" />
      <DeploymentItem filename="D:\workspaces\SharedLib\itextsharp.dll" />
      <DeploymentItem filename="D:\workspaces\2012\PDFUtility\PDFUtility\bin\Debug\PDFUtility.dll" />
    </Deployment>
    <Execution>
      <TestTypeSpecific />
      <AgentRule name="Execution Agents">
      </AgentRule>
    </Execution>
  </TestSettings>
  <Times creation="2012-09-14T09:27:04.4423778+07:00" queuing="2012-09-14T09:27:04.4892117+07:00" start="2012-09-14T09:27:04.4892117+07:00" finish="2012-09-14T09:27:05.1292750+07:00" />
  <ResultSummary outcome="Failed">
    <Counters total="1" executed="1" error="0" failed="1" timeout="0" aborted="0" inconclusive="0" passedButRunAborted="0" notRunnable="0" notExecuted="0" disconnected="0" warning="0" passed="0" completed="0" inProgress="0" pending="0" />
  </ResultSummary>
  <TestDefinitions>
    <UnitTest name="ApplySecurityTest" storage="d:\workspaces\2012\pdfutility\pdfutilityunittest\bin\debug\pdfutilityunittest.dll" id="7a425b1e-ee06-c5ac-7427-7b74e6178e70">
      <Execution id="f34e830b-0918-4333-9790-f01b06ff04ce" />
      <TestMethod codeBase="D:/workspaces/2012/PDFUtility/PDFUtilityUnitTest/bin/Debug/PDFUtilityUnitTest.DLL" adapterTypeName="Microsoft.VisualStudio.TestTools.TestTypes.Unit.UnitTestAdapter, Microsoft.VisualStudio.QualityTools.Tips.UnitTest.Adapter, Version=10.0.0.0, Culture=neutral, PublicKeyToken=b03f5f7f11d50a3a" className="PDFUtilityUnitTest.SecurityPDFTest, PDFUtilityUnitTest, Version=1.0.0.0, Culture=neutral, PublicKeyToken=null" name="ApplySecurityTest" />
    </UnitTest>
  </TestDefinitions>
  <TestLists>
    <TestList name="Results Not in a List" id="8c84fa94-04c1-424b-9868-57a2d4851a1d" />
    <TestList name="All Loaded Results" id="19431567-8539-422a-85d7-44ee4e166bda" />
  </TestLists>
  <TestEntries>
    <TestEntry testId="7a425b1e-ee06-c5ac-7427-7b74e6178e70" executionId="f34e830b-0918-4333-9790-f01b06ff04ce" testListId="8c84fa94-04c1-424b-9868-57a2d4851a1d" />
  </TestEntries>
  <Results>
    <UnitTestResult executionId="f34e830b-0918-4333-9790-f01b06ff04ce" testId="7a425b1e-ee06-c5ac-7427-7b74e6178e70" testName="ApplySecurityTest" computerName="D790N0242" duration="00:00:00.4135589" startTime="2012-09-14T09:27:04.5048230+07:00" endTime="2012-09-14T09:27:05.0824411+07:00" testType="13cdc9d9-ddb5-4fa4-a97d-d965ccfc6d4b" outcome="Failed" testListId="8c84fa94-04c1-424b-9868-57a2d4851a1d" relativeResultsDirectory="f34e830b-0918-4333-9790-f01b06ff04ce">
      <Output>
        <StdOut>Object disposed.</StdOut>
        <DebugTrace>PDFUtility.SecurityPDF: 2012-09-14 09:27:04,941 [Agent: adapter run thread for test 'ApplySecurityTest' with id 'f34e830b-0918-4333-9790-f01b06ff04ce'] DEBUG PDFUtility.SecurityPDF (null) (null) - -------------------------------
PDFUtility.SecurityPDF: 2012-09-14 09:27:04,957 [Agent: adapter run thread for test 'ApplySecurityTest' with id 'f34e830b-0918-4333-9790-f01b06ff04ce'] DEBUG PDFUtility.SecurityPDF (null) (null) - pageWidth == 0f &amp;&amp; pageHiehgt == 0f
PDFUtility.SecurityPDF: 2012-09-14 09:27:04,957 [Agent: adapter run thread for test 'ApplySecurityTest' with id 'f34e830b-0918-4333-9790-f01b06ff04ce'] DEBUG PDFUtility.SecurityPDF (null) (null) - pageSize.Width : 841.8
PDFUtility.SecurityPDF: 2012-09-14 09:27:04,957 [Agent: adapter run thread for test 'ApplySecurityTest' with id 'f34e830b-0918-4333-9790-f01b06ff04ce'] DEBUG PDFUtility.SecurityPDF (null) (null) - pageSize.Height : 595.2
PDFUtility.SecurityPDF: 2012-09-14 09:27:04,957 [Agent: adapter run thread for test 'ApplySecurityTest' with id 'f34e830b-0918-4333-9790-f01b06ff04ce'] DEBUG PDFUtility.SecurityPDF (null) (null) - textAngle : 35.26246
PDFUtility.SecurityPDF: 2012-09-14 09:27:04,957 [Agent: adapter run thread for test 'ApplySecurityTest' with id 'f34e830b-0918-4333-9790-f01b06ff04ce'] DEBUG PDFUtility.SecurityPDF (null) (null) - -------------------------------
PDFUtility.SecurityPDF: 2012-09-14 09:27:04,957 [Agent: adapter run thread for test 'ApplySecurityTest' with id 'f34e830b-0918-4333-9790-f01b06ff04ce'] DEBUG PDFUtility.SecurityPDF (null) (null) - 
PDFUtility.SecurityPDF: 2012-09-14 09:27:05,051 [Agent: adapter run thread for test 'ApplySecurityTest' with id 'f34e830b-0918-4333-9790-f01b06ff04ce'] ERROR PDFUtility.SecurityPDF (null) (null) -    at System.IO.__Error.WinIOError(Int32 errorCode, String maybeFullPath)
   at System.IO.FileStream.Init(String path, FileMode mode, FileAccess access, Int32 rights, Boolean useRights, FileShare share, Int32 bufferSize, FileOptions options, SECURITY_ATTRIBUTES secAttrs, String msgPath, Boolean bFromProxy, Boolean useLongPath)
   at System.IO.FileStream..ctor(String path, FileMode mode, FileAccess access)
   at PDFUtility.SecurityPDF.ApplySecurity() in D:\workspaces\2012\PDFUtility\PDFUtility\SecurityPDF.cs:line 389
</DebugTrace>
        <ErrorInfo>
          <Message>Test method PDFUtilityUnitTest.SecurityPDFTest.ApplySecurityTest threw exception: 
System.IO.IOException: The process cannot access the file 'D:\workspaces\2012\PDFUtility\PDFUtilityUnitTest\Destination\Menu2 Servicedesk_IMACD_UserGuide_11Oct.pdf' because it is being used by another process.</Message>
          <StackTrace>    at PDFUtility.SecurityPDF.ApplySecurity() in D:\workspaces\2012\PDFUtility\PDFUtility\SecurityPDF.cs:line 406
   at PDFUtilityUnitTest.SecurityPDFTest.ApplySecurityTest() in D:\workspaces\2012\PDFUtility\PDFUtilityUnitTest\SecurityPDFTest.cs:line 91
</StackTrace>
        </ErrorInfo>
      </Output>
    </UnitTestResult>
  </Results>
</TestRun>