<?xml version="1.0" encoding="UTF-8"?>
<TestRun id="bb4eca42-e88e-46d9-b5b9-6d21d4df3895" name="249888@D790N0242 2012-09-14 09:24:20" runUser="BAYAD\249888" xmlns="http://microsoft.com/schemas/VisualStudio/TeamTest/2010">
  <TestSettings name="Local" id="8d012ad7-c033-4564-89fa-393be2493f34">
    <Description>These are default test settings for a local test run.</Description>
    <Deployment enabled="false" runDeploymentRoot="249888_D790N0242 2012-09-14 09_24_20">
      <DeploymentItem filename="D:\workspaces\SharedLib\log4net.dll" />
      <DeploymentItem filename="D:\workspaces\SharedLib\itextsharp.dll" />
      <DeploymentItem filename="D:\workspaces\2012\PDFUtility\PDFUtility\bin\Debug\PDFUtility.dll" />
    </Deployment>
    <Execution>
      <TestTypeSpecific />
      <AgentRule name="Execution Agents">
      </AgentRule>
    </Execution>
  </TestSettings>
  <Times creation="2012-09-14T09:24:20.6508793+07:00" queuing="2012-09-14T09:24:20.6821087+07:00" start="2012-09-14T09:24:20.6977234+07:00" finish="2012-09-14T09:24:21.3223114+07:00" />
  <ResultSummary outcome="Completed">
    <Counters total="1" executed="1" passed="1" error="0" failed="0" timeout="0" aborted="0" inconclusive="0" passedButRunAborted="0" notRunnable="0" notExecuted="0" disconnected="0" warning="0" completed="0" inProgress="0" pending="0" />
  </ResultSummary>
  <TestDefinitions>
    <UnitTest name="ApplySecurityTest" storage="d:\workspaces\2012\pdfutility\pdfutilityunittest\bin\debug\pdfutilityunittest.dll" id="7a425b1e-ee06-c5ac-7427-7b74e6178e70">
      <Execution id="fd15fb40-6c58-43bb-a39c-cdc9bf31a3ed" />
      <TestMethod codeBase="D:/workspaces/2012/PDFUtility/PDFUtilityUnitTest/bin/Debug/PDFUtilityUnitTest.DLL" adapterTypeName="Microsoft.VisualStudio.TestTools.TestTypes.Unit.UnitTestAdapter, Microsoft.VisualStudio.QualityTools.Tips.UnitTest.Adapter, Version=10.0.0.0, Culture=neutral, PublicKeyToken=b03f5f7f11d50a3a" className="PDFUtilityUnitTest.SecurityPDFTest, PDFUtilityUnitTest, Version=1.0.0.0, Culture=neutral, PublicKeyToken=null" name="ApplySecurityTest" />
    </UnitTest>
  </TestDefinitions>
  <TestLists>
    <TestList name="Results Not in a List" id="8c84fa94-04c1-424b-9868-57a2d4851a1d" />
    <TestList name="All Loaded Results" id="19431567-8539-422a-85d7-44ee4e166bda" />
  </TestLists>
  <TestEntries>
    <TestEntry testId="7a425b1e-ee06-c5ac-7427-7b74e6178e70" executionId="fd15fb40-6c58-43bb-a39c-cdc9bf31a3ed" testListId="8c84fa94-04c1-424b-9868-57a2d4851a1d" />
  </TestEntries>
  <Results>
    <UnitTestResult executionId="fd15fb40-6c58-43bb-a39c-cdc9bf31a3ed" testId="7a425b1e-ee06-c5ac-7427-7b74e6178e70" testName="ApplySecurityTest" computerName="D790N0242" duration="00:00:00.4344884" startTime="2012-09-14T09:24:20.6977234+07:00" endTime="2012-09-14T09:24:21.2910820+07:00" testType="13cdc9d9-ddb5-4fa4-a97d-d965ccfc6d4b" outcome="Passed" testListId="8c84fa94-04c1-424b-9868-57a2d4851a1d" relativeResultsDirectory="fd15fb40-6c58-43bb-a39c-cdc9bf31a3ed">
      <Output>
        <StdOut>Object disposed.</StdOut>
        <DebugTrace>PDFUtility.SecurityPDF: 2012-09-14 09:24:21,103 [Agent: adapter run thread for test 'ApplySecurityTest' with id 'fd15fb40-6c58-43bb-a39c-cdc9bf31a3ed'] DEBUG PDFUtility.SecurityPDF (null) (null) - -------------------------------
PDFUtility.SecurityPDF: 2012-09-14 09:24:21,119 [Agent: adapter run thread for test 'ApplySecurityTest' with id 'fd15fb40-6c58-43bb-a39c-cdc9bf31a3ed'] DEBUG PDFUtility.SecurityPDF (null) (null) - pageWidth == 0f &amp;&amp; pageHiehgt == 0f
PDFUtility.SecurityPDF: 2012-09-14 09:24:21,119 [Agent: adapter run thread for test 'ApplySecurityTest' with id 'fd15fb40-6c58-43bb-a39c-cdc9bf31a3ed'] DEBUG PDFUtility.SecurityPDF (null) (null) - pageSize.Width : 841.8
PDFUtility.SecurityPDF: 2012-09-14 09:24:21,119 [Agent: adapter run thread for test 'ApplySecurityTest' with id 'fd15fb40-6c58-43bb-a39c-cdc9bf31a3ed'] DEBUG PDFUtility.SecurityPDF (null) (null) - pageSize.Height : 595.2
PDFUtility.SecurityPDF: 2012-09-14 09:24:21,119 [Agent: adapter run thread for test 'ApplySecurityTest' with id 'fd15fb40-6c58-43bb-a39c-cdc9bf31a3ed'] DEBUG PDFUtility.SecurityPDF (null) (null) - textAngle : 35.26246
PDFUtility.SecurityPDF: 2012-09-14 09:24:21,119 [Agent: adapter run thread for test 'ApplySecurityTest' with id 'fd15fb40-6c58-43bb-a39c-cdc9bf31a3ed'] DEBUG PDFUtility.SecurityPDF (null) (null) - -------------------------------
PDFUtility.SecurityPDF: 2012-09-14 09:24:21,119 [Agent: adapter run thread for test 'ApplySecurityTest' with id 'fd15fb40-6c58-43bb-a39c-cdc9bf31a3ed'] DEBUG PDFUtility.SecurityPDF (null) (null) - 
</DebugTrace>
      </Output>
    </UnitTestResult>
  </Results>
</TestRun>