<?xml version="1.0" encoding="UTF-8"?>
<TestRun id="466d1878-b1eb-4c89-a370-dba994aa12e9" name="249888@D790N0242 2013-06-18 11:34:40" runUser="BAYAD\249888" xmlns="http://microsoft.com/schemas/VisualStudio/TeamTest/2010">
  <TestSettings name="Local" id="c491b1a0-8371-4556-9e0f-c16df634ba10">
    <Description>These are default test settings for a local test run.</Description>
    <Deployment enabled="false" runDeploymentRoot="249888_D790N0242 2013-06-18 11_34_40">
      <DeploymentItem filename="D:\workspaces\2012\RiskRatingProgressModule\bin\Debug\RiskRatingProgressModule.dll" />
      <DeploymentItem filename="D:\workspaces\2012\RiskRatingProgressModuleTest\bin\Debug\log4net.dll" />
      <DeploymentItem filename="D:\workspaces\2012\RiskRatingProgressModuleTest\bin\Debug\Util.dll" />
    </Deployment>
    <Execution>
      <TestTypeSpecific />
      <AgentRule name="Execution Agents">
      </AgentRule>
    </Execution>
  </TestSettings>
  <Times creation="2013-06-18T11:34:40.0217216+07:00" queuing="2013-06-18T11:34:40.0998381+07:00" start="2013-06-18T11:34:40.0998381+07:00" finish="2013-06-18T11:34:40.5060439+07:00" />
  <ResultSummary outcome="Completed">
    <Counters total="1" executed="1" passed="1" error="0" failed="0" timeout="0" aborted="0" inconclusive="0" passedButRunAborted="0" notRunnable="0" notExecuted="0" disconnected="0" warning="0" completed="0" inProgress="0" pending="0" />
  </ResultSummary>
  <TestDefinitions>
    <UnitTest name="UpdateStatusMasterTest" storage="d:\workspaces\2012\riskratingprogressmoduletest\bin\debug\riskratingprogressmoduletest.dll" id="eeb2fd20-abb8-17bb-8b69-399713edb1f3">
      <Execution id="15537250-9c62-49b8-9ce8-2b12c37c151e" />
      <TestMethod codeBase="D:/workspaces/2012/RiskRatingProgressModuleTest/bin/Debug/RiskRatingProgressModuleTest.DLL" adapterTypeName="Microsoft.VisualStudio.TestTools.TestTypes.Unit.UnitTestAdapter, Microsoft.VisualStudio.QualityTools.Tips.UnitTest.Adapter, Version=10.0.0.0, Culture=neutral, PublicKeyToken=b03f5f7f11d50a3a" className="RiskRatingProgressModuleTest.RRPServiceTest, RiskRatingProgressModuleTest, Version=1.0.0.0, Culture=neutral, PublicKeyToken=null" name="UpdateStatusMasterTest" />
    </UnitTest>
  </TestDefinitions>
  <TestLists>
    <TestList name="Results Not in a List" id="8c84fa94-04c1-424b-9868-57a2d4851a1d" />
    <TestList name="All Loaded Results" id="19431567-8539-422a-85d7-44ee4e166bda" />
  </TestLists>
  <TestEntries>
    <TestEntry testId="eeb2fd20-abb8-17bb-8b69-399713edb1f3" executionId="15537250-9c62-49b8-9ce8-2b12c37c151e" testListId="8c84fa94-04c1-424b-9868-57a2d4851a1d" />
  </TestEntries>
  <Results>
    <UnitTestResult executionId="15537250-9c62-49b8-9ce8-2b12c37c151e" testId="eeb2fd20-abb8-17bb-8b69-399713edb1f3" testName="UpdateStatusMasterTest" computerName="D790N0242" duration="00:00:00.2118305" startTime="2013-06-18T11:34:40.0998381+07:00" endTime="2013-06-18T11:34:40.4747973+07:00" testType="13cdc9d9-ddb5-4fa4-a97d-d965ccfc6d4b" outcome="Passed" testListId="8c84fa94-04c1-424b-9868-57a2d4851a1d" relativeResultsDirectory="15537250-9c62-49b8-9ce8-2b12c37c151e">
      <Output>
        <StdOut>log4net: XmlHierarchyConfigurator: Configuration update mode [Merge].
log4net: XmlHierarchyConfigurator: Logger [root] Level string is [DEBUG].
log4net: XmlHierarchyConfigurator: Logger [root] level set to [name="DEBUG",value=30000].
log4net: XmlHierarchyConfigurator: Loading Appender [DebugAppender] type: [log4net.Appender.DebugAppender]
log4net: PatternParser: Converter [message] Option [] Format [min=-1,max=2147483647,leftAlign=False]
log4net: PatternParser: Converter [newline] Option [] Format [min=-1,max=2147483647,leftAlign=False]
log4net: XmlHierarchyConfigurator: Setting Property [ConversionPattern] to String value [%date [%thread] %-5level %logger %property{user} %property{url} - %message%newline]
log4net: PatternParser: Converter [date] Option [] Format [min=-1,max=2147483647,leftAlign=False]
log4net: PatternParser: Converter [literal] Option [ [] Format [min=-1,max=2147483647,leftAlign=False]
log4net: PatternParser: Converter [thread] Option [] Format [min=-1,max=2147483647,leftAlign=False]
log4net: PatternParser: Converter [literal] Option [] ] Format [min=-1,max=2147483647,leftAlign=False]
log4net: PatternParser: Converter [level] Option [] Format [min=5,max=2147483647,leftAlign=True]
log4net: PatternParser: Converter [literal] Option [ ] Format [min=-1,max=2147483647,leftAlign=False]
log4net: PatternParser: Converter [logger] Option [] Format [min=-1,max=2147483647,leftAlign=False]
log4net: PatternParser: Converter [literal] Option [ ] Format [min=-1,max=2147483647,leftAlign=False]
log4net: PatternParser: Converter [property] Option [user] Format [min=-1,max=2147483647,leftAlign=False]
log4net: PatternParser: Converter [literal] Option [ ] Format [min=-1,max=2147483647,leftAlign=False]
log4net: PatternParser: Converter [property] Option [url] Format [min=-1,max=2147483647,leftAlign=False]
log4net: PatternParser: Converter [literal] Option [ - ] Format [min=-1,max=2147483647,leftAlign=False]
log4net: PatternParser: Converter [message] Option [] Format [min=-1,max=2147483647,leftAlign=False]
log4net: PatternParser: Converter [newline] Option [] Format [min=-1,max=2147483647,leftAlign=False]
log4net: XmlHierarchyConfigurator: Setting Property [Layout] to object [log4net.Layout.PatternLayout]
log4net: XmlHierarchyConfigurator: Created Appender [DebugAppender]
log4net: XmlHierarchyConfigurator: Adding appender named [DebugAppender] to logger [root].
log4net: XmlHierarchyConfigurator: Loading Appender [FileAppender] type: [log4net.Appender.RollingFileAppender]
log4net: XmlHierarchyConfigurator: Parameter [file] specified subtype [log4net.Util.PatternString]
log4net: PatternParser: Converter [literal] Option [./log/RiskRatingProgress.log] Format [min=-1,max=2147483647,leftAlign=False]
log4net: XmlHierarchyConfigurator: Performing additional conversion of value from [PatternString] to [String]
log4net: XmlHierarchyConfigurator: Setting Property [File] to String value [./log/RiskRatingProgress.log]
log4net: XmlHierarchyConfigurator: Setting Property [AppendToFile] to Boolean value [True]
log4net: XmlHierarchyConfigurator: Setting Property [RollingStyle] to RollingMode value [Date]
log4net: XmlHierarchyConfigurator: Setting Property [DatePattern] to String value [yyyy-MM-dd]
log4net: PatternParser: Converter [message] Option [] Format [min=-1,max=2147483647,leftAlign=False]
log4net: PatternParser: Converter [newline] Option [] Format [min=-1,max=2147483647,leftAlign=False]
log4net: XmlHierarchyConfigurator: Setting Property [ConversionPattern] to String value [%date [%thread] %-5level %logger %property{user} %property{url} - %message%newline]
log4net: PatternParser: Converter [date] Option [] Format [min=-1,max=2147483647,leftAlign=False]
log4net: PatternParser: Converter [literal] Option [ [] Format [min=-1,max=2147483647,leftAlign=False]
log4net: PatternParser: Converter [thread] Option [] Format [min=-1,max=2147483647,leftAlign=False]
log4net: PatternParser: Converter [literal] Option [] ] Format [min=-1,max=2147483647,leftAlign=False]
log4net: PatternParser: Converter [level] Option [] Format [min=5,max=2147483647,leftAlign=True]
log4net: PatternParser: Converter [literal] Option [ ] Format [min=-1,max=2147483647,leftAlign=False]
log4net: PatternParser: Converter [logger] Option [] Format [min=-1,max=2147483647,leftAlign=False]
log4net: PatternParser: Converter [literal] Option [ ] Format [min=-1,max=2147483647,leftAlign=False]
log4net: PatternParser: Converter [property] Option [user] Format [min=-1,max=2147483647,leftAlign=False]
log4net: PatternParser: Converter [literal] Option [ ] Format [min=-1,max=2147483647,leftAlign=False]
log4net: PatternParser: Converter [property] Option [url] Format [min=-1,max=2147483647,leftAlign=False]
log4net: PatternParser: Converter [literal] Option [ - ] Format [min=-1,max=2147483647,leftAlign=False]
log4net: PatternParser: Converter [message] Option [] Format [min=-1,max=2147483647,leftAlign=False]
log4net: PatternParser: Converter [newline] Option [] Format [min=-1,max=2147483647,leftAlign=False]
log4net: XmlHierarchyConfigurator: Setting Property [Layout] to object [log4net.Layout.PatternLayout]
log4net: RollingFileAppender: Type = [0], r0 = [1970-01-01], r1 = [1970-01-01]
log4net: RollingFileAppender: Type = [1], r0 = [1970-01-01], r1 = [1970-01-01]
log4net: RollingFileAppender: Type = [2], r0 = [1970-01-01], r1 = [1970-01-01]
log4net: RollingFileAppender: Type = [3], r0 = [1970-01-01], r1 = [1970-01-02]
log4net: RollingFileAppender: Searched for existing files in [D:\workspaces\2012\RiskRatingProgressModuleTest\bin\Debug\log]
log4net: RollingFileAppender: curSizeRollBackups starts at [0]
log4net: RollingFileAppender: [2013-06-18] vs. [2013-06-18]
log4net: FileAppender: Opening file for writing [D:\workspaces\2012\RiskRatingProgressModuleTest\bin\Debug\log\RiskRatingProgress.log] append [True]
log4net: XmlHierarchyConfigurator: Created Appender [FileAppender]
log4net: XmlHierarchyConfigurator: Adding appender named [FileAppender] to logger [root].
log4net: XmlHierarchyConfigurator: Hierarchy Threshold []</StdOut>
        <DebugTrace>log4net: XmlHierarchyConfigurator: Configuration update mode [Merge].
log4net: XmlHierarchyConfigurator: Logger [root] Level string is [DEBUG].
log4net: XmlHierarchyConfigurator: Logger [root] level set to [name="DEBUG",value=30000].
log4net: XmlHierarchyConfigurator: Loading Appender [DebugAppender] type: [log4net.Appender.DebugAppender]
log4net: PatternParser: Converter [message] Option [] Format [min=-1,max=2147483647,leftAlign=False]
log4net: PatternParser: Converter [newline] Option [] Format [min=-1,max=2147483647,leftAlign=False]
log4net: XmlHierarchyConfigurator: Setting Property [ConversionPattern] to String value [%date [%thread] %-5level %logger %property{user} %property{url} - %message%newline]
log4net: PatternParser: Converter [date] Option [] Format [min=-1,max=2147483647,leftAlign=False]
log4net: PatternParser: Converter [literal] Option [ [] Format [min=-1,max=2147483647,leftAlign=False]
log4net: PatternParser: Converter [thread] Option [] Format [min=-1,max=2147483647,leftAlign=False]
log4net: PatternParser: Converter [literal] Option [] ] Format [min=-1,max=2147483647,leftAlign=False]
log4net: PatternParser: Converter [level] Option [] Format [min=5,max=2147483647,leftAlign=True]
log4net: PatternParser: Converter [literal] Option [ ] Format [min=-1,max=2147483647,leftAlign=False]
log4net: PatternParser: Converter [logger] Option [] Format [min=-1,max=2147483647,leftAlign=False]
log4net: PatternParser: Converter [literal] Option [ ] Format [min=-1,max=2147483647,leftAlign=False]
log4net: PatternParser: Converter [property] Option [user] Format [min=-1,max=2147483647,leftAlign=False]
log4net: PatternParser: Converter [literal] Option [ ] Format [min=-1,max=2147483647,leftAlign=False]
log4net: PatternParser: Converter [property] Option [url] Format [min=-1,max=2147483647,leftAlign=False]
log4net: PatternParser: Converter [literal] Option [ - ] Format [min=-1,max=2147483647,leftAlign=False]
log4net: PatternParser: Converter [message] Option [] Format [min=-1,max=2147483647,leftAlign=False]
log4net: PatternParser: Converter [newline] Option [] Format [min=-1,max=2147483647,leftAlign=False]
log4net: XmlHierarchyConfigurator: Setting Property [Layout] to object [log4net.Layout.PatternLayout]
log4net: XmlHierarchyConfigurator: Created Appender [DebugAppender]
log4net: XmlHierarchyConfigurator: Adding appender named [DebugAppender] to logger [root].
log4net: XmlHierarchyConfigurator: Loading Appender [FileAppender] type: [log4net.Appender.RollingFileAppender]
log4net: XmlHierarchyConfigurator: Parameter [file] specified subtype [log4net.Util.PatternString]
log4net: PatternParser: Converter [literal] Option [./log/RiskRatingProgress.log] Format [min=-1,max=2147483647,leftAlign=False]
log4net: XmlHierarchyConfigurator: Performing additional conversion of value from [PatternString] to [String]
log4net: XmlHierarchyConfigurator: Setting Property [File] to String value [./log/RiskRatingProgress.log]
log4net: XmlHierarchyConfigurator: Setting Property [AppendToFile] to Boolean value [True]
log4net: XmlHierarchyConfigurator: Setting Property [RollingStyle] to RollingMode value [Date]
log4net: XmlHierarchyConfigurator: Setting Property [DatePattern] to String value [yyyy-MM-dd]
log4net: PatternParser: Converter [message] Option [] Format [min=-1,max=2147483647,leftAlign=False]
log4net: PatternParser: Converter [newline] Option [] Format [min=-1,max=2147483647,leftAlign=False]
log4net: XmlHierarchyConfigurator: Setting Property [ConversionPattern] to String value [%date [%thread] %-5level %logger %property{user} %property{url} - %message%newline]
log4net: PatternParser: Converter [date] Option [] Format [min=-1,max=2147483647,leftAlign=False]
log4net: PatternParser: Converter [literal] Option [ [] Format [min=-1,max=2147483647,leftAlign=False]
log4net: PatternParser: Converter [thread] Option [] Format [min=-1,max=2147483647,leftAlign=False]
log4net: PatternParser: Converter [literal] Option [] ] Format [min=-1,max=2147483647,leftAlign=False]
log4net: PatternParser: Converter [level] Option [] Format [min=5,max=2147483647,leftAlign=True]
log4net: PatternParser: Converter [literal] Option [ ] Format [min=-1,max=2147483647,leftAlign=False]
log4net: PatternParser: Converter [logger] Option [] Format [min=-1,max=2147483647,leftAlign=False]
log4net: PatternParser: Converter [literal] Option [ ] Format [min=-1,max=2147483647,leftAlign=False]
log4net: PatternParser: Converter [property] Option [user] Format [min=-1,max=2147483647,leftAlign=False]
log4net: PatternParser: Converter [literal] Option [ ] Format [min=-1,max=2147483647,leftAlign=False]
log4net: PatternParser: Converter [property] Option [url] Format [min=-1,max=2147483647,leftAlign=False]
log4net: PatternParser: Converter [literal] Option [ - ] Format [min=-1,max=2147483647,leftAlign=False]
log4net: PatternParser: Converter [message] Option [] Format [min=-1,max=2147483647,leftAlign=False]
log4net: PatternParser: Converter [newline] Option [] Format [min=-1,max=2147483647,leftAlign=False]
log4net: XmlHierarchyConfigurator: Setting Property [Layout] to object [log4net.Layout.PatternLayout]
log4net: RollingFileAppender: Type = [0], r0 = [1970-01-01], r1 = [1970-01-01]
log4net: RollingFileAppender: Type = [1], r0 = [1970-01-01], r1 = [1970-01-01]
log4net: RollingFileAppender: Type = [2], r0 = [1970-01-01], r1 = [1970-01-01]
log4net: RollingFileAppender: Type = [3], r0 = [1970-01-01], r1 = [1970-01-02]
log4net: RollingFileAppender: Searched for existing files in [D:\workspaces\2012\RiskRatingProgressModuleTest\bin\Debug\log]
log4net: RollingFileAppender: curSizeRollBackups starts at [0]
log4net: RollingFileAppender: [2013-06-18] vs. [2013-06-18]
log4net: FileAppender: Opening file for writing [D:\workspaces\2012\RiskRatingProgressModuleTest\bin\Debug\log\RiskRatingProgress.log] append [True]
log4net: XmlHierarchyConfigurator: Created Appender [FileAppender]
log4net: XmlHierarchyConfigurator: Adding appender named [FileAppender] to logger [root].
log4net: XmlHierarchyConfigurator: Hierarchy Threshold []
RiskRatingProgressModule.Service.RRPService: 2013-06-18 11:34:40,427 [Agent: adapter run thread for test 'UpdateStatusMasterTest' with id '15537250-9c62-49b8-9ce8-2b12c37c151e'] DEBUG RiskRatingProgressModule.Service.RRPService (null) (null) - UpdateStatusMaster Invoking.
RiskRatingProgressModule.Service.RRPService: 2013-06-18 11:34:40,427 [Agent: adapter run thread for test 'UpdateStatusMasterTest' with id '15537250-9c62-49b8-9ce8-2b12c37c151e'] DEBUG RiskRatingProgressModule.Service.RRPService (null) (null) - UnitOfWork Scope.
RiskRatingProgressModule.Service.RRPService: 2013-06-18 11:34:40,443 [Agent: adapter run thread for test 'UpdateStatusMasterTest' with id '15537250-9c62-49b8-9ce8-2b12c37c151e'] DEBUG RiskRatingProgressModule.Service.RRPService (null) (null) - rrpsEntity is not null.Start Transfer entity
RiskRatingProgressModule.Service.RRPService: 2013-06-18 11:34:40,459 [Agent: adapter run thread for test 'UpdateStatusMasterTest' with id '15537250-9c62-49b8-9ce8-2b12c37c151e'] DEBUG RiskRatingProgressModule.Service.RRPService (null) (null) - rrpsEntity is saved.
RiskRatingProgressModule.Service.RRPService: 2013-06-18 11:34:40,459 [Agent: adapter run thread for test 'UpdateStatusMasterTest' with id '15537250-9c62-49b8-9ce8-2b12c37c151e'] DEBUG RiskRatingProgressModule.Service.RRPService (null) (null) - UpdateStatusMaster Invoked.
</DebugTrace>
      </Output>
    </UnitTestResult>
  </Results>
</TestRun>