<?xml version="1.0" encoding="UTF-8"?>
<TestRun id="17aeee52-afc8-462b-8ea2-f047f9a33da4" name="249888@D790N0242 2013-06-18 10:13:40" runUser="BAYAD\249888" xmlns="http://microsoft.com/schemas/VisualStudio/TeamTest/2010">
  <TestSettings name="Local" id="c491b1a0-8371-4556-9e0f-c16df634ba10">
    <Description>These are default test settings for a local test run.</Description>
    <Deployment enabled="false" runDeploymentRoot="249888_D790N0242 2013-06-18 10_13_40">
      <DeploymentItem filename="D:\workspaces\2012\RiskRatingProgressModule\bin\Debug\RiskRatingProgressModule.dll" />
      <DeploymentItem filename="D:\workspaces\2012\RiskRatingProgressModuleTest\bin\Debug\log4net.dll" />
      <DeploymentItem filename="D:\workspaces\2012\RiskRatingProgressModuleTest\bin\Debug\Util.dll" />
    </Deployment>
    <Execution>
      <TestTypeSpecific />
      <AgentRule name="Execution Agents">
      </AgentRule>
    </Execution>
  </TestSettings>
  <Times creation="2013-06-18T10:13:40.9713196+07:00" queuing="2013-06-18T10:13:41.7993863+07:00" start="2013-06-18T10:13:43.6586304+07:00" finish="2013-06-18T10:13:51.9705452+07:00" />
  <ResultSummary outcome="Failed">
    <Counters total="16" executed="16" passed="10" error="0" failed="6" timeout="0" aborted="0" inconclusive="0" passedButRunAborted="0" notRunnable="0" notExecuted="0" disconnected="0" warning="0" completed="0" inProgress="0" pending="0" />
  </ResultSummary>
  <TestDefinitions>
    <UnitTest name="DeleteStatusMasterTest" storage="d:\workspaces\2012\riskratingprogressmoduletest\bin\debug\riskratingprogressmoduletest.dll" id="84610bde-f334-0c64-c368-47c38dc4742a">
      <Execution id="98422140-32a6-4ee1-9444-b9242c9134c3" />
      <TestMethod codeBase="D:/workspaces/2012/RiskRatingProgressModuleTest/bin/Debug/RiskRatingProgressModuleTest.DLL" adapterTypeName="Microsoft.VisualStudio.TestTools.TestTypes.Unit.UnitTestAdapter, Microsoft.VisualStudio.QualityTools.Tips.UnitTest.Adapter, Version=10.0.0.0, Culture=neutral, PublicKeyToken=b03f5f7f11d50a3a" className="RiskRatingProgressModuleTest.RRPServiceTest, RiskRatingProgressModuleTest, Version=1.0.0.0, Culture=neutral, PublicKeyToken=null" name="DeleteStatusMasterTest" />
    </UnitTest>
    <UnitTest name="UpdateIssuesTest" storage="d:\workspaces\2012\riskratingprogressmoduletest\bin\debug\riskratingprogressmoduletest.dll" id="58684e6e-3922-9915-b1cc-f2a33e562873">
      <Execution id="f6f91fc9-32a9-49c5-9d7f-b7b88dc8b613" />
      <TestMethod codeBase="D:/workspaces/2012/RiskRatingProgressModuleTest/bin/Debug/RiskRatingProgressModuleTest.DLL" adapterTypeName="Microsoft.VisualStudio.TestTools.TestTypes.Unit.UnitTestAdapter, Microsoft.VisualStudio.QualityTools.Tips.UnitTest.Adapter, Version=10.0.0.0, Culture=neutral, PublicKeyToken=b03f5f7f11d50a3a" className="RiskRatingProgressModuleTest.RRPServiceTest, RiskRatingProgressModuleTest, Version=1.0.0.0, Culture=neutral, PublicKeyToken=null" name="UpdateIssuesTest" />
    </UnitTest>
    <UnitTest name="GetStatusMasterByKeyTest" storage="d:\workspaces\2012\riskratingprogressmoduletest\bin\debug\riskratingprogressmoduletest.dll" id="ef8ff8a2-58af-ce80-06a9-972f4675aaac">
      <Execution id="f5cbd7ba-95d1-4203-bf45-ee221e939ca5" />
      <TestMethod codeBase="D:/workspaces/2012/RiskRatingProgressModuleTest/bin/Debug/RiskRatingProgressModuleTest.DLL" adapterTypeName="Microsoft.VisualStudio.TestTools.TestTypes.Unit.UnitTestAdapter, Microsoft.VisualStudio.QualityTools.Tips.UnitTest.Adapter, Version=10.0.0.0, Culture=neutral, PublicKeyToken=b03f5f7f11d50a3a" className="RiskRatingProgressModuleTest.RRPServiceTest, RiskRatingProgressModuleTest, Version=1.0.0.0, Culture=neutral, PublicKeyToken=null" name="GetStatusMasterByKeyTest" />
    </UnitTest>
    <UnitTest name="GetIssuesAllTest" storage="d:\workspaces\2012\riskratingprogressmoduletest\bin\debug\riskratingprogressmoduletest.dll" id="447847c5-ab16-350d-361b-1760ab8f1d59">
      <Execution id="35ac2955-7020-4ac8-8afb-15792eb1f6de" />
      <TestMethod codeBase="D:/workspaces/2012/RiskRatingProgressModuleTest/bin/Debug/RiskRatingProgressModuleTest.DLL" adapterTypeName="Microsoft.VisualStudio.TestTools.TestTypes.Unit.UnitTestAdapter, Microsoft.VisualStudio.QualityTools.Tips.UnitTest.Adapter, Version=10.0.0.0, Culture=neutral, PublicKeyToken=b03f5f7f11d50a3a" className="RiskRatingProgressModuleTest.RRPServiceTest, RiskRatingProgressModuleTest, Version=1.0.0.0, Culture=neutral, PublicKeyToken=null" name="GetIssuesAllTest" />
    </UnitTest>
    <UnitTest name="GetIssuesByUpDateStatusKeyTest" storage="d:\workspaces\2012\riskratingprogressmoduletest\bin\debug\riskratingprogressmoduletest.dll" id="a0d5c397-0919-b642-3905-42be5c826f7a">
      <Execution id="38bf6cf0-946a-44b2-b0b8-2b25e2352718" />
      <TestMethod codeBase="D:/workspaces/2012/RiskRatingProgressModuleTest/bin/Debug/RiskRatingProgressModuleTest.DLL" adapterTypeName="Microsoft.VisualStudio.TestTools.TestTypes.Unit.UnitTestAdapter, Microsoft.VisualStudio.QualityTools.Tips.UnitTest.Adapter, Version=10.0.0.0, Culture=neutral, PublicKeyToken=b03f5f7f11d50a3a" className="RiskRatingProgressModuleTest.RRPServiceTest, RiskRatingProgressModuleTest, Version=1.0.0.0, Culture=neutral, PublicKeyToken=null" name="GetIssuesByUpDateStatusKeyTest" />
    </UnitTest>
    <UnitTest name="UpdateStatusMasterTest" storage="d:\workspaces\2012\riskratingprogressmoduletest\bin\debug\riskratingprogressmoduletest.dll" id="eeb2fd20-abb8-17bb-8b69-399713edb1f3">
      <Execution id="e8f1b1aa-6c45-415d-905f-23ba750da216" />
      <TestMethod codeBase="D:/workspaces/2012/RiskRatingProgressModuleTest/bin/Debug/RiskRatingProgressModuleTest.DLL" adapterTypeName="Microsoft.VisualStudio.TestTools.TestTypes.Unit.UnitTestAdapter, Microsoft.VisualStudio.QualityTools.Tips.UnitTest.Adapter, Version=10.0.0.0, Culture=neutral, PublicKeyToken=b03f5f7f11d50a3a" className="RiskRatingProgressModuleTest.RRPServiceTest, RiskRatingProgressModuleTest, Version=1.0.0.0, Culture=neutral, PublicKeyToken=null" name="UpdateStatusMasterTest" />
    </UnitTest>
    <UnitTest name="GetIssuesByEMPIDTest" storage="d:\workspaces\2012\riskratingprogressmoduletest\bin\debug\riskratingprogressmoduletest.dll" id="70413819-cb8d-d06b-9ab3-5fbdb963798e">
      <Execution id="da5e99e9-c2c7-4f93-87c7-110f9bbc9eb6" />
      <TestMethod codeBase="D:/workspaces/2012/RiskRatingProgressModuleTest/bin/Debug/RiskRatingProgressModuleTest.DLL" adapterTypeName="Microsoft.VisualStudio.TestTools.TestTypes.Unit.UnitTestAdapter, Microsoft.VisualStudio.QualityTools.Tips.UnitTest.Adapter, Version=10.0.0.0, Culture=neutral, PublicKeyToken=b03f5f7f11d50a3a" className="RiskRatingProgressModuleTest.RRPServiceTest, RiskRatingProgressModuleTest, Version=1.0.0.0, Culture=neutral, PublicKeyToken=null" name="GetIssuesByEMPIDTest" />
    </UnitTest>
    <UnitTest name="GetIssuesByCIFTest" storage="d:\workspaces\2012\riskratingprogressmoduletest\bin\debug\riskratingprogressmoduletest.dll" id="18b2c02f-7dc2-ba4b-98df-7a6ad7f8bc45">
      <Execution id="b05b732a-4d60-4456-87fe-04a994665f5a" />
      <TestMethod codeBase="D:/workspaces/2012/RiskRatingProgressModuleTest/bin/Debug/RiskRatingProgressModuleTest.DLL" adapterTypeName="Microsoft.VisualStudio.TestTools.TestTypes.Unit.UnitTestAdapter, Microsoft.VisualStudio.QualityTools.Tips.UnitTest.Adapter, Version=10.0.0.0, Culture=neutral, PublicKeyToken=b03f5f7f11d50a3a" className="RiskRatingProgressModuleTest.RRPServiceTest, RiskRatingProgressModuleTest, Version=1.0.0.0, Culture=neutral, PublicKeyToken=null" name="GetIssuesByCIFTest" />
    </UnitTest>
    <UnitTest name="DeleteIssuesTest" storage="d:\workspaces\2012\riskratingprogressmoduletest\bin\debug\riskratingprogressmoduletest.dll" id="8f529d6e-922e-2800-eecd-473e69f337e5">
      <Execution id="3d414e8d-9d0f-43f6-b1cc-3470088d4a99" />
      <TestMethod codeBase="D:/workspaces/2012/RiskRatingProgressModuleTest/bin/Debug/RiskRatingProgressModuleTest.DLL" adapterTypeName="Microsoft.VisualStudio.TestTools.TestTypes.Unit.UnitTestAdapter, Microsoft.VisualStudio.QualityTools.Tips.UnitTest.Adapter, Version=10.0.0.0, Culture=neutral, PublicKeyToken=b03f5f7f11d50a3a" className="RiskRatingProgressModuleTest.RRPServiceTest, RiskRatingProgressModuleTest, Version=1.0.0.0, Culture=neutral, PublicKeyToken=null" name="DeleteIssuesTest" />
    </UnitTest>
    <UnitTest name="GetIssuesByKeyTest" storage="d:\workspaces\2012\riskratingprogressmoduletest\bin\debug\riskratingprogressmoduletest.dll" id="c8cbf14c-572f-75cb-4d4f-b6f1222c7cb8">
      <Execution id="f47335fc-3b2d-4d76-9172-03d7dfd6323c" />
      <TestMethod codeBase="D:/workspaces/2012/RiskRatingProgressModuleTest/bin/Debug/RiskRatingProgressModuleTest.DLL" adapterTypeName="Microsoft.VisualStudio.TestTools.TestTypes.Unit.UnitTestAdapter, Microsoft.VisualStudio.QualityTools.Tips.UnitTest.Adapter, Version=10.0.0.0, Culture=neutral, PublicKeyToken=b03f5f7f11d50a3a" className="RiskRatingProgressModuleTest.RRPServiceTest, RiskRatingProgressModuleTest, Version=1.0.0.0, Culture=neutral, PublicKeyToken=null" name="GetIssuesByKeyTest" />
    </UnitTest>
    <UnitTest name="GetIssuesByUpDateStatusDescTest" storage="d:\workspaces\2012\riskratingprogressmoduletest\bin\debug\riskratingprogressmoduletest.dll" id="7eca3545-77ad-d5fa-ca50-b316ff92a12d">
      <Execution id="ea93a304-b26b-4b81-85d6-76bb6097b7a8" />
      <TestMethod codeBase="D:/workspaces/2012/RiskRatingProgressModuleTest/bin/Debug/RiskRatingProgressModuleTest.DLL" adapterTypeName="Microsoft.VisualStudio.TestTools.TestTypes.Unit.UnitTestAdapter, Microsoft.VisualStudio.QualityTools.Tips.UnitTest.Adapter, Version=10.0.0.0, Culture=neutral, PublicKeyToken=b03f5f7f11d50a3a" className="RiskRatingProgressModuleTest.RRPServiceTest, RiskRatingProgressModuleTest, Version=1.0.0.0, Culture=neutral, PublicKeyToken=null" name="GetIssuesByUpDateStatusDescTest" />
    </UnitTest>
    <UnitTest name="RRPServiceConstructorTest" storage="d:\workspaces\2012\riskratingprogressmoduletest\bin\debug\riskratingprogressmoduletest.dll" id="6b082581-857d-1ac5-e596-6e73cf7931dc">
      <Execution id="9143ae25-72c3-467d-8638-328a8e2ee10b" />
      <TestMethod codeBase="D:/workspaces/2012/RiskRatingProgressModuleTest/bin/Debug/RiskRatingProgressModuleTest.DLL" adapterTypeName="Microsoft.VisualStudio.TestTools.TestTypes.Unit.UnitTestAdapter, Microsoft.VisualStudio.QualityTools.Tips.UnitTest.Adapter, Version=10.0.0.0, Culture=neutral, PublicKeyToken=b03f5f7f11d50a3a" className="RiskRatingProgressModuleTest.RRPServiceTest, RiskRatingProgressModuleTest, Version=1.0.0.0, Culture=neutral, PublicKeyToken=null" name="RRPServiceConstructorTest" />
    </UnitTest>
    <UnitTest name="UpdateIssuesExceptionTest" storage="d:\workspaces\2012\riskratingprogressmoduletest\bin\debug\riskratingprogressmoduletest.dll" id="888f80c7-a840-c617-453f-8216704c68f7">
      <Execution id="0ff41949-3993-429c-96f4-0c368ecfe8de" />
      <TestMethod codeBase="D:/workspaces/2012/RiskRatingProgressModuleTest/bin/Debug/RiskRatingProgressModuleTest.DLL" adapterTypeName="Microsoft.VisualStudio.TestTools.TestTypes.Unit.UnitTestAdapter, Microsoft.VisualStudio.QualityTools.Tips.UnitTest.Adapter, Version=10.0.0.0, Culture=neutral, PublicKeyToken=b03f5f7f11d50a3a" className="RiskRatingProgressModuleTest.RRPServiceTest, RiskRatingProgressModuleTest, Version=1.0.0.0, Culture=neutral, PublicKeyToken=null" name="UpdateIssuesExceptionTest" />
    </UnitTest>
    <UnitTest name="GetStatusMasterAllTest" storage="d:\workspaces\2012\riskratingprogressmoduletest\bin\debug\riskratingprogressmoduletest.dll" id="0322cfd0-9aba-ecb8-9323-c76ade4770b1">
      <Execution id="fe23243d-2427-48d1-ae82-443586dd2c33" />
      <TestMethod codeBase="D:/workspaces/2012/RiskRatingProgressModuleTest/bin/Debug/RiskRatingProgressModuleTest.DLL" adapterTypeName="Microsoft.VisualStudio.TestTools.TestTypes.Unit.UnitTestAdapter, Microsoft.VisualStudio.QualityTools.Tips.UnitTest.Adapter, Version=10.0.0.0, Culture=neutral, PublicKeyToken=b03f5f7f11d50a3a" className="RiskRatingProgressModuleTest.RRPServiceTest, RiskRatingProgressModuleTest, Version=1.0.0.0, Culture=neutral, PublicKeyToken=null" name="GetStatusMasterAllTest" />
    </UnitTest>
    <UnitTest name="DeleteIssuesByKeyTest" storage="d:\workspaces\2012\riskratingprogressmoduletest\bin\debug\riskratingprogressmoduletest.dll" id="5ddc1206-2658-94bc-1442-7484895c9e9e">
      <Execution id="0ca151f7-c216-4502-bc01-226e9afdb68c" />
      <TestMethod codeBase="D:/workspaces/2012/RiskRatingProgressModuleTest/bin/Debug/RiskRatingProgressModuleTest.DLL" adapterTypeName="Microsoft.VisualStudio.TestTools.TestTypes.Unit.UnitTestAdapter, Microsoft.VisualStudio.QualityTools.Tips.UnitTest.Adapter, Version=10.0.0.0, Culture=neutral, PublicKeyToken=b03f5f7f11d50a3a" className="RiskRatingProgressModuleTest.RRPServiceTest, RiskRatingProgressModuleTest, Version=1.0.0.0, Culture=neutral, PublicKeyToken=null" name="DeleteIssuesByKeyTest" />
    </UnitTest>
    <UnitTest name="DeleteStatusMasterByKeyTest" storage="d:\workspaces\2012\riskratingprogressmoduletest\bin\debug\riskratingprogressmoduletest.dll" id="d43455c6-bc27-5417-8970-b200d7b7d089">
      <Execution id="1d5f61e7-8202-4732-9fb0-4a8a884ef58e" />
      <TestMethod codeBase="D:/workspaces/2012/RiskRatingProgressModuleTest/bin/Debug/RiskRatingProgressModuleTest.DLL" adapterTypeName="Microsoft.VisualStudio.TestTools.TestTypes.Unit.UnitTestAdapter, Microsoft.VisualStudio.QualityTools.Tips.UnitTest.Adapter, Version=10.0.0.0, Culture=neutral, PublicKeyToken=b03f5f7f11d50a3a" className="RiskRatingProgressModuleTest.RRPServiceTest, RiskRatingProgressModuleTest, Version=1.0.0.0, Culture=neutral, PublicKeyToken=null" name="DeleteStatusMasterByKeyTest" />
    </UnitTest>
  </TestDefinitions>
  <TestLists>
    <TestList name="Results Not in a List" id="8c84fa94-04c1-424b-9868-57a2d4851a1d" />
    <TestList name="All Loaded Results" id="19431567-8539-422a-85d7-44ee4e166bda" />
  </TestLists>
  <TestEntries>
    <TestEntry testId="0322cfd0-9aba-ecb8-9323-c76ade4770b1" executionId="fe23243d-2427-48d1-ae82-443586dd2c33" testListId="8c84fa94-04c1-424b-9868-57a2d4851a1d" />
    <TestEntry testId="18b2c02f-7dc2-ba4b-98df-7a6ad7f8bc45" executionId="b05b732a-4d60-4456-87fe-04a994665f5a" testListId="8c84fa94-04c1-424b-9868-57a2d4851a1d" />
    <TestEntry testId="447847c5-ab16-350d-361b-1760ab8f1d59" executionId="35ac2955-7020-4ac8-8afb-15792eb1f6de" testListId="8c84fa94-04c1-424b-9868-57a2d4851a1d" />
    <TestEntry testId="58684e6e-3922-9915-b1cc-f2a33e562873" executionId="f6f91fc9-32a9-49c5-9d7f-b7b88dc8b613" testListId="8c84fa94-04c1-424b-9868-57a2d4851a1d" />
    <TestEntry testId="5ddc1206-2658-94bc-1442-7484895c9e9e" executionId="0ca151f7-c216-4502-bc01-226e9afdb68c" testListId="8c84fa94-04c1-424b-9868-57a2d4851a1d" />
    <TestEntry testId="6b082581-857d-1ac5-e596-6e73cf7931dc" executionId="9143ae25-72c3-467d-8638-328a8e2ee10b" testListId="8c84fa94-04c1-424b-9868-57a2d4851a1d" />
    <TestEntry testId="70413819-cb8d-d06b-9ab3-5fbdb963798e" executionId="da5e99e9-c2c7-4f93-87c7-110f9bbc9eb6" testListId="8c84fa94-04c1-424b-9868-57a2d4851a1d" />
    <TestEntry testId="7eca3545-77ad-d5fa-ca50-b316ff92a12d" executionId="ea93a304-b26b-4b81-85d6-76bb6097b7a8" testListId="8c84fa94-04c1-424b-9868-57a2d4851a1d" />
    <TestEntry testId="84610bde-f334-0c64-c368-47c38dc4742a" executionId="98422140-32a6-4ee1-9444-b9242c9134c3" testListId="8c84fa94-04c1-424b-9868-57a2d4851a1d" />
    <TestEntry testId="888f80c7-a840-c617-453f-8216704c68f7" executionId="0ff41949-3993-429c-96f4-0c368ecfe8de" testListId="8c84fa94-04c1-424b-9868-57a2d4851a1d" />
    <TestEntry testId="8f529d6e-922e-2800-eecd-473e69f337e5" executionId="3d414e8d-9d0f-43f6-b1cc-3470088d4a99" testListId="8c84fa94-04c1-424b-9868-57a2d4851a1d" />
    <TestEntry testId="a0d5c397-0919-b642-3905-42be5c826f7a" executionId="38bf6cf0-946a-44b2-b0b8-2b25e2352718" testListId="8c84fa94-04c1-424b-9868-57a2d4851a1d" />
    <TestEntry testId="c8cbf14c-572f-75cb-4d4f-b6f1222c7cb8" executionId="f47335fc-3b2d-4d76-9172-03d7dfd6323c" testListId="8c84fa94-04c1-424b-9868-57a2d4851a1d" />
    <TestEntry testId="d43455c6-bc27-5417-8970-b200d7b7d089" executionId="1d5f61e7-8202-4732-9fb0-4a8a884ef58e" testListId="8c84fa94-04c1-424b-9868-57a2d4851a1d" />
    <TestEntry testId="eeb2fd20-abb8-17bb-8b69-399713edb1f3" executionId="e8f1b1aa-6c45-415d-905f-23ba750da216" testListId="8c84fa94-04c1-424b-9868-57a2d4851a1d" />
    <TestEntry testId="ef8ff8a2-58af-ce80-06a9-972f4675aaac" executionId="f5cbd7ba-95d1-4203-bf45-ee221e939ca5" testListId="8c84fa94-04c1-424b-9868-57a2d4851a1d" />
  </TestEntries>
  <Results>
    <UnitTestResult executionId="fe23243d-2427-48d1-ae82-443586dd2c33" testId="0322cfd0-9aba-ecb8-9323-c76ade4770b1" testName="GetStatusMasterAllTest" computerName="D790N0242" duration="00:00:01.6635362" startTime="2013-06-18T10:13:44.3148342+07:00" endTime="2013-06-18T10:13:48.2520570+07:00" testType="13cdc9d9-ddb5-4fa4-a97d-d965ccfc6d4b" outcome="Passed" testListId="8c84fa94-04c1-424b-9868-57a2d4851a1d" relativeResultsDirectory="fe23243d-2427-48d1-ae82-443586dd2c33">
      <Output>
        <StdOut>log4net: XmlHierarchyConfigurator: Configuration update mode [Merge].
log4net: XmlHierarchyConfigurator: Logger [root] Level string is [DEBUG].
log4net: XmlHierarchyConfigurator: Logger [root] level set to [name="DEBUG",value=30000].
log4net: XmlHierarchyConfigurator: Loading Appender [DebugAppender] type: [log4net.Appender.DebugAppender]
log4net: PatternParser: Converter [message] Option [] Format [min=-1,max=2147483647,leftAlign=False]
log4net: PatternParser: Converter [newline] Option [] Format [min=-1,max=2147483647,leftAlign=False]
log4net: XmlHierarchyConfigurator: Setting Property [ConversionPattern] to String value [%date [%thread] %-5level %logger %property{user} %property{url} - %message%newline]
log4net: PatternParser: Converter [date] Option [] Format [min=-1,max=2147483647,leftAlign=False]
log4net: PatternParser: Converter [literal] Option [ [] Format [min=-1,max=2147483647,leftAlign=False]
log4net: PatternParser: Converter [thread] Option [] Format [min=-1,max=2147483647,leftAlign=False]
log4net: PatternParser: Converter [literal] Option [] ] Format [min=-1,max=2147483647,leftAlign=False]
log4net: PatternParser: Converter [level] Option [] Format [min=5,max=2147483647,leftAlign=True]
log4net: PatternParser: Converter [literal] Option [ ] Format [min=-1,max=2147483647,leftAlign=False]
log4net: PatternParser: Converter [logger] Option [] Format [min=-1,max=2147483647,leftAlign=False]
log4net: PatternParser: Converter [literal] Option [ ] Format [min=-1,max=2147483647,leftAlign=False]
log4net: PatternParser: Converter [property] Option [user] Format [min=-1,max=2147483647,leftAlign=False]
log4net: PatternParser: Converter [literal] Option [ ] Format [min=-1,max=2147483647,leftAlign=False]
log4net: PatternParser: Converter [property] Option [url] Format [min=-1,max=2147483647,leftAlign=False]
log4net: PatternParser: Converter [literal] Option [ - ] Format [min=-1,max=2147483647,leftAlign=False]
log4net: PatternParser: Converter [message] Option [] Format [min=-1,max=2147483647,leftAlign=False]
log4net: PatternParser: Converter [newline] Option [] Format [min=-1,max=2147483647,leftAlign=False]
log4net: XmlHierarchyConfigurator: Setting Property [Layout] to object [log4net.Layout.PatternLayout]
log4net: XmlHierarchyConfigurator: Created Appender [DebugAppender]
log4net: XmlHierarchyConfigurator: Adding appender named [DebugAppender] to logger [root].
log4net: XmlHierarchyConfigurator: Loading Appender [FileAppender] type: [log4net.Appender.RollingFileAppender]
log4net: XmlHierarchyConfigurator: Parameter [file] specified subtype [log4net.Util.PatternString]
log4net: PatternParser: Converter [literal] Option [./log/RiskRatingProgress.log] Format [min=-1,max=2147483647,leftAlign=False]
log4net: XmlHierarchyConfigurator: Performing additional conversion of value from [PatternString] to [String]
log4net: XmlHierarchyConfigurator: Setting Property [File] to String value [./log/RiskRatingProgress.log]
log4net: XmlHierarchyConfigurator: Setting Property [AppendToFile] to Boolean value [True]
log4net: XmlHierarchyConfigurator: Setting Property [RollingStyle] to RollingMode value [Date]
log4net: XmlHierarchyConfigurator: Setting Property [DatePattern] to String value [yyyy-MM-dd]
log4net: PatternParser: Converter [message] Option [] Format [min=-1,max=2147483647,leftAlign=False]
log4net: PatternParser: Converter [newline] Option [] Format [min=-1,max=2147483647,leftAlign=False]
log4net: XmlHierarchyConfigurator: Setting Property [ConversionPattern] to String value [%date [%thread] %-5level %logger %property{user} %property{url} - %message%newline]
log4net: PatternParser: Converter [date] Option [] Format [min=-1,max=2147483647,leftAlign=False]
log4net: PatternParser: Converter [literal] Option [ [] Format [min=-1,max=2147483647,leftAlign=False]
log4net: PatternParser: Converter [thread] Option [] Format [min=-1,max=2147483647,leftAlign=False]
log4net: PatternParser: Converter [literal] Option [] ] Format [min=-1,max=2147483647,leftAlign=False]
log4net: PatternParser: Converter [level] Option [] Format [min=5,max=2147483647,leftAlign=True]
log4net: PatternParser: Converter [literal] Option [ ] Format [min=-1,max=2147483647,leftAlign=False]
log4net: PatternParser: Converter [logger] Option [] Format [min=-1,max=2147483647,leftAlign=False]
log4net: PatternParser: Converter [literal] Option [ ] Format [min=-1,max=2147483647,leftAlign=False]
log4net: PatternParser: Converter [property] Option [user] Format [min=-1,max=2147483647,leftAlign=False]
log4net: PatternParser: Converter [literal] Option [ ] Format [min=-1,max=2147483647,leftAlign=False]
log4net: PatternParser: Converter [property] Option [url] Format [min=-1,max=2147483647,leftAlign=False]
log4net: PatternParser: Converter [literal] Option [ - ] Format [min=-1,max=2147483647,leftAlign=False]
log4net: PatternParser: Converter [message] Option [] Format [min=-1,max=2147483647,leftAlign=False]
log4net: PatternParser: Converter [newline] Option [] Format [min=-1,max=2147483647,leftAlign=False]
log4net: XmlHierarchyConfigurator: Setting Property [Layout] to object [log4net.Layout.PatternLayout]
log4net: RollingFileAppender: Type = [0], r0 = [1970-01-01], r1 = [1970-01-01]
log4net: RollingFileAppender: Type = [1], r0 = [1970-01-01], r1 = [1970-01-01]
log4net: RollingFileAppender: Type = [2], r0 = [1970-01-01], r1 = [1970-01-01]
log4net: RollingFileAppender: Type = [3], r0 = [1970-01-01], r1 = [1970-01-02]
log4net: RollingFileAppender: Searched for existing files in [D:\workspaces\2012\RiskRatingProgressModuleTest\bin\Debug\log]
log4net: RollingFileAppender: curSizeRollBackups starts at [0]
log4net: RollingFileAppender: [2013-06-17] vs. [2013-06-18]
log4net: RollingFileAppender: Initial roll over to [D:\workspaces\2012\RiskRatingProgressModuleTest\bin\Debug\log\RiskRatingProgress.log2013-06-17]
log4net: RollingFileAppender: Moving [D:\workspaces\2012\RiskRatingProgressModuleTest\bin\Debug\log\RiskRatingProgress.log] -&gt; [D:\workspaces\2012\RiskRatingProgressModuleTest\bin\Debug\log\RiskRatingProgress.log2013-06-17]
log4net: RollingFileAppender: curSizeRollBackups after rollOver at [0]
log4net: FileAppender: Opening file for writing [D:\workspaces\2012\RiskRatingProgressModuleTest\bin\Debug\log\RiskRatingProgress.log] append [True]
log4net: XmlHierarchyConfigurator: Created Appender [FileAppender]
log4net: XmlHierarchyConfigurator: Adding appender named [FileAppender] to logger [root].
log4net: XmlHierarchyConfigurator: Hierarchy Threshold []</StdOut>
        <DebugTrace>log4net: XmlHierarchyConfigurator: Configuration update mode [Merge].
log4net: XmlHierarchyConfigurator: Logger [root] Level string is [DEBUG].
log4net: XmlHierarchyConfigurator: Logger [root] level set to [name="DEBUG",value=30000].
log4net: XmlHierarchyConfigurator: Loading Appender [DebugAppender] type: [log4net.Appender.DebugAppender]
log4net: PatternParser: Converter [message] Option [] Format [min=-1,max=2147483647,leftAlign=False]
log4net: PatternParser: Converter [newline] Option [] Format [min=-1,max=2147483647,leftAlign=False]
log4net: XmlHierarchyConfigurator: Setting Property [ConversionPattern] to String value [%date [%thread] %-5level %logger %property{user} %property{url} - %message%newline]
log4net: PatternParser: Converter [date] Option [] Format [min=-1,max=2147483647,leftAlign=False]
log4net: PatternParser: Converter [literal] Option [ [] Format [min=-1,max=2147483647,leftAlign=False]
log4net: PatternParser: Converter [thread] Option [] Format [min=-1,max=2147483647,leftAlign=False]
log4net: PatternParser: Converter [literal] Option [] ] Format [min=-1,max=2147483647,leftAlign=False]
log4net: PatternParser: Converter [level] Option [] Format [min=5,max=2147483647,leftAlign=True]
log4net: PatternParser: Converter [literal] Option [ ] Format [min=-1,max=2147483647,leftAlign=False]
log4net: PatternParser: Converter [logger] Option [] Format [min=-1,max=2147483647,leftAlign=False]
log4net: PatternParser: Converter [literal] Option [ ] Format [min=-1,max=2147483647,leftAlign=False]
log4net: PatternParser: Converter [property] Option [user] Format [min=-1,max=2147483647,leftAlign=False]
log4net: PatternParser: Converter [literal] Option [ ] Format [min=-1,max=2147483647,leftAlign=False]
log4net: PatternParser: Converter [property] Option [url] Format [min=-1,max=2147483647,leftAlign=False]
log4net: PatternParser: Converter [literal] Option [ - ] Format [min=-1,max=2147483647,leftAlign=False]
log4net: PatternParser: Converter [message] Option [] Format [min=-1,max=2147483647,leftAlign=False]
log4net: PatternParser: Converter [newline] Option [] Format [min=-1,max=2147483647,leftAlign=False]
log4net: XmlHierarchyConfigurator: Setting Property [Layout] to object [log4net.Layout.PatternLayout]
log4net: XmlHierarchyConfigurator: Created Appender [DebugAppender]
log4net: XmlHierarchyConfigurator: Adding appender named [DebugAppender] to logger [root].
log4net: XmlHierarchyConfigurator: Loading Appender [FileAppender] type: [log4net.Appender.RollingFileAppender]
log4net: XmlHierarchyConfigurator: Parameter [file] specified subtype [log4net.Util.PatternString]
log4net: PatternParser: Converter [literal] Option [./log/RiskRatingProgress.log] Format [min=-1,max=2147483647,leftAlign=False]
log4net: XmlHierarchyConfigurator: Performing additional conversion of value from [PatternString] to [String]
log4net: XmlHierarchyConfigurator: Setting Property [File] to String value [./log/RiskRatingProgress.log]
log4net: XmlHierarchyConfigurator: Setting Property [AppendToFile] to Boolean value [True]
log4net: XmlHierarchyConfigurator: Setting Property [RollingStyle] to RollingMode value [Date]
log4net: XmlHierarchyConfigurator: Setting Property [DatePattern] to String value [yyyy-MM-dd]
log4net: PatternParser: Converter [message] Option [] Format [min=-1,max=2147483647,leftAlign=False]
log4net: PatternParser: Converter [newline] Option [] Format [min=-1,max=2147483647,leftAlign=False]
log4net: XmlHierarchyConfigurator: Setting Property [ConversionPattern] to String value [%date [%thread] %-5level %logger %property{user} %property{url} - %message%newline]
log4net: PatternParser: Converter [date] Option [] Format [min=-1,max=2147483647,leftAlign=False]
log4net: PatternParser: Converter [literal] Option [ [] Format [min=-1,max=2147483647,leftAlign=False]
log4net: PatternParser: Converter [thread] Option [] Format [min=-1,max=2147483647,leftAlign=False]
log4net: PatternParser: Converter [literal] Option [] ] Format [min=-1,max=2147483647,leftAlign=False]
log4net: PatternParser: Converter [level] Option [] Format [min=5,max=2147483647,leftAlign=True]
log4net: PatternParser: Converter [literal] Option [ ] Format [min=-1,max=2147483647,leftAlign=False]
log4net: PatternParser: Converter [logger] Option [] Format [min=-1,max=2147483647,leftAlign=False]
log4net: PatternParser: Converter [literal] Option [ ] Format [min=-1,max=2147483647,leftAlign=False]
log4net: PatternParser: Converter [property] Option [user] Format [min=-1,max=2147483647,leftAlign=False]
log4net: PatternParser: Converter [literal] Option [ ] Format [min=-1,max=2147483647,leftAlign=False]
log4net: PatternParser: Converter [property] Option [url] Format [min=-1,max=2147483647,leftAlign=False]
log4net: PatternParser: Converter [literal] Option [ - ] Format [min=-1,max=2147483647,leftAlign=False]
log4net: PatternParser: Converter [message] Option [] Format [min=-1,max=2147483647,leftAlign=False]
log4net: PatternParser: Converter [newline] Option [] Format [min=-1,max=2147483647,leftAlign=False]
log4net: XmlHierarchyConfigurator: Setting Property [Layout] to object [log4net.Layout.PatternLayout]
log4net: RollingFileAppender: Type = [0], r0 = [1970-01-01], r1 = [1970-01-01]
log4net: RollingFileAppender: Type = [1], r0 = [1970-01-01], r1 = [1970-01-01]
log4net: RollingFileAppender: Type = [2], r0 = [1970-01-01], r1 = [1970-01-01]
log4net: RollingFileAppender: Type = [3], r0 = [1970-01-01], r1 = [1970-01-02]
log4net: RollingFileAppender: Searched for existing files in [D:\workspaces\2012\RiskRatingProgressModuleTest\bin\Debug\log]
log4net: RollingFileAppender: curSizeRollBackups starts at [0]
log4net: RollingFileAppender: [2013-06-17] vs. [2013-06-18]
log4net: RollingFileAppender: Initial roll over to [D:\workspaces\2012\RiskRatingProgressModuleTest\bin\Debug\log\RiskRatingProgress.log2013-06-17]
log4net: RollingFileAppender: Moving [D:\workspaces\2012\RiskRatingProgressModuleTest\bin\Debug\log\RiskRatingProgress.log] -&gt; [D:\workspaces\2012\RiskRatingProgressModuleTest\bin\Debug\log\RiskRatingProgress.log2013-06-17]
log4net: RollingFileAppender: curSizeRollBackups after rollOver at [0]
log4net: FileAppender: Opening file for writing [D:\workspaces\2012\RiskRatingProgressModuleTest\bin\Debug\log\RiskRatingProgress.log] append [True]
log4net: XmlHierarchyConfigurator: Created Appender [FileAppender]
log4net: XmlHierarchyConfigurator: Adding appender named [FileAppender] to logger [root].
log4net: XmlHierarchyConfigurator: Hierarchy Threshold []
</DebugTrace>
      </Output>
    </UnitTestResult>
    <UnitTestResult executionId="b05b732a-4d60-4456-87fe-04a994665f5a" testId="18b2c02f-7dc2-ba4b-98df-7a6ad7f8bc45" testName="GetIssuesByCIFTest" computerName="D790N0242" duration="00:00:00.3231511" startTime="2013-06-18T10:13:48.2676809+07:00" endTime="2013-06-18T10:13:48.5957828+07:00" testType="13cdc9d9-ddb5-4fa4-a97d-d965ccfc6d4b" outcome="Passed" testListId="8c84fa94-04c1-424b-9868-57a2d4851a1d" relativeResultsDirectory="b05b732a-4d60-4456-87fe-04a994665f5a">
    </UnitTestResult>
    <UnitTestResult executionId="35ac2955-7020-4ac8-8afb-15792eb1f6de" testId="447847c5-ab16-350d-361b-1760ab8f1d59" testName="GetIssuesAllTest" computerName="D790N0242" duration="00:00:00.0936225" startTime="2013-06-18T10:13:48.5957828+07:00" endTime="2013-06-18T10:13:48.7363979+07:00" testType="13cdc9d9-ddb5-4fa4-a97d-d965ccfc6d4b" outcome="Passed" testListId="8c84fa94-04c1-424b-9868-57a2d4851a1d" relativeResultsDirectory="35ac2955-7020-4ac8-8afb-15792eb1f6de">
    </UnitTestResult>
    <UnitTestResult executionId="f6f91fc9-32a9-49c5-9d7f-b7b88dc8b613" testId="58684e6e-3922-9915-b1cc-f2a33e562873" testName="UpdateIssuesTest" computerName="D790N0242" duration="00:00:00.8379838" startTime="2013-06-18T10:13:48.7363979+07:00" endTime="2013-06-18T10:13:49.6113363+07:00" testType="13cdc9d9-ddb5-4fa4-a97d-d965ccfc6d4b" outcome="Failed" testListId="8c84fa94-04c1-424b-9868-57a2d4851a1d" relativeResultsDirectory="f6f91fc9-32a9-49c5-9d7f-b7b88dc8b613">
      <Output>
        <DebugTrace>RiskRatingProgressModule.Service.RRPService: 2013-06-18 10:13:48,752 [Agent: adapter run thread for test 'UpdateIssuesTest' with id 'f6f91fc9-32a9-49c5-9d7f-b7b88dc8b613'] DEBUG RiskRatingProgressModule.Service.RRPService (null) (null) - idenKey:1
RiskRatingProgressModule.Service.RRPService: 2013-06-18 10:13:49,345 [Agent: adapter run thread for test 'UpdateIssuesTest' with id 'f6f91fc9-32a9-49c5-9d7f-b7b88dc8b613'] DEBUG RiskRatingProgressModule.Service.RRPService (null) (null) - idenKey:1
</DebugTrace>
        <ErrorInfo>
          <Message>Assert.AreEqual failed. Expected:&lt;False&gt;. Actual:&lt;True&gt;. </Message>
          <StackTrace>   at RiskRatingProgressModuleTest.RRPServiceTest.UpdateIssuesTest() in D:\workspaces\2012\RiskRatingProgressModuleTest\RRPServiceTest.cs:line 355
</StackTrace>
        </ErrorInfo>
      </Output>
    </UnitTestResult>
    <UnitTestResult executionId="0ca151f7-c216-4502-bc01-226e9afdb68c" testId="5ddc1206-2658-94bc-1442-7484895c9e9e" testName="DeleteIssuesByKeyTest" computerName="D790N0242" duration="00:00:00.2170689" startTime="2013-06-18T10:13:49.6894558+07:00" endTime="2013-06-18T10:13:49.9394382+07:00" testType="13cdc9d9-ddb5-4fa4-a97d-d965ccfc6d4b" outcome="Passed" testListId="8c84fa94-04c1-424b-9868-57a2d4851a1d" relativeResultsDirectory="0ca151f7-c216-4502-bc01-226e9afdb68c">
      <Output>
        <DebugTrace>RiskRatingProgressModule.Service.RRPService: 2013-06-18 10:13:49,814 [Agent: adapter run thread for test 'DeleteIssuesByKeyTest' with id '0ca151f7-c216-4502-bc01-226e9afdb68c'] DEBUG RiskRatingProgressModule.Service.RRPService (null) (null) - idenKey:1
</DebugTrace>
      </Output>
    </UnitTestResult>
    <UnitTestResult executionId="9143ae25-72c3-467d-8638-328a8e2ee10b" testId="6b082581-857d-1ac5-e596-6e73cf7931dc" testName="RRPServiceConstructorTest" computerName="D790N0242" duration="00:00:00.0001584" startTime="2013-06-18T10:13:49.9550621+07:00" endTime="2013-06-18T10:13:49.9706860+07:00" testType="13cdc9d9-ddb5-4fa4-a97d-d965ccfc6d4b" outcome="Passed" testListId="8c84fa94-04c1-424b-9868-57a2d4851a1d" relativeResultsDirectory="9143ae25-72c3-467d-8638-328a8e2ee10b">
    </UnitTestResult>
    <UnitTestResult executionId="da5e99e9-c2c7-4f93-87c7-110f9bbc9eb6" testId="70413819-cb8d-d06b-9ab3-5fbdb963798e" testName="GetIssuesByEMPIDTest" computerName="D790N0242" duration="00:00:00.1939743" startTime="2013-06-18T10:13:49.9706860+07:00" endTime="2013-06-18T10:13:50.1894206+07:00" testType="13cdc9d9-ddb5-4fa4-a97d-d965ccfc6d4b" outcome="Passed" testListId="8c84fa94-04c1-424b-9868-57a2d4851a1d" relativeResultsDirectory="da5e99e9-c2c7-4f93-87c7-110f9bbc9eb6">
      <Output>
        <DebugTrace>RiskRatingProgressModule.Service.RRPService: 2013-06-18 10:13:49,986 [Agent: adapter run thread for test 'GetIssuesByEMPIDTest' with id 'da5e99e9-c2c7-4f93-87c7-110f9bbc9eb6'] DEBUG RiskRatingProgressModule.Service.RRPService (null) (null) - empId:245191
</DebugTrace>
      </Output>
    </UnitTestResult>
    <UnitTestResult executionId="ea93a304-b26b-4b81-85d6-76bb6097b7a8" testId="7eca3545-77ad-d5fa-ca50-b316ff92a12d" testName="GetIssuesByUpDateStatusDescTest" computerName="D790N0242" duration="00:00:00.2611192" startTime="2013-06-18T10:13:50.1894206+07:00" endTime="2013-06-18T10:13:50.4706508+07:00" testType="13cdc9d9-ddb5-4fa4-a97d-d965ccfc6d4b" outcome="Passed" testListId="8c84fa94-04c1-424b-9868-57a2d4851a1d" relativeResultsDirectory="ea93a304-b26b-4b81-85d6-76bb6097b7a8">
    </UnitTestResult>
    <UnitTestResult executionId="98422140-32a6-4ee1-9444-b9242c9134c3" testId="84610bde-f334-0c64-c368-47c38dc4742a" testName="DeleteStatusMasterTest" computerName="D790N0242" duration="00:00:00.5429201" startTime="2013-06-18T10:13:50.4862747+07:00" endTime="2013-06-18T10:13:51.0487351+07:00" testType="13cdc9d9-ddb5-4fa4-a97d-d965ccfc6d4b" outcome="Failed" testListId="8c84fa94-04c1-424b-9868-57a2d4851a1d" relativeResultsDirectory="98422140-32a6-4ee1-9444-b9242c9134c3">
      <Output>
        <ErrorInfo>
          <Message>Test method RiskRatingProgressModuleTest.RRPServiceTest.DeleteStatusMasterTest threw exception: 
System.NullReferenceException: Object reference not set to an instance of an object.</Message>
          <StackTrace>    at System.Data.Objects.ELinq.InitializerMetadata.ProjectionNewMetadata.IsStructurallyEquivalent(InitializerMetadata other)
   at System.Data.Objects.ELinq.InitializerMetadata.Equals(InitializerMetadata other)
   at System.Collections.Generic.GenericEqualityComparer`1.Equals(T x, T y)
   at System.Collections.Generic.Dictionary`2.FindEntry(TKey key)
   at System.Collections.Generic.Dictionary`2.TryGetValue(TKey key, TValue&amp; value)
   at System.Data.Common.Utils.Memoizer`2.Evaluate(TArg arg)
   at System.Data.Metadata.Edm.EdmItemCollection.GetCanonicalInitializerMetadata(InitializerMetadata metadata)
   at System.Data.Objects.ELinq.ExpressionConverter.NewTranslator.TypedTranslate(ExpressionConverter parent, NewExpression linq)
   at System.Data.Objects.ELinq.ExpressionConverter.TypedTranslator`1.Translate(ExpressionConverter parent, Expression linq)
   at System.Data.Objects.ELinq.ExpressionConverter.TranslateExpression(Expression linq)
   at System.Data.Objects.ELinq.ExpressionConverter.TranslateLambda(LambdaExpression lambda, DbExpression input)
   at System.Data.Objects.ELinq.ExpressionConverter.TranslateLambda(LambdaExpression lambda, DbExpression input, DbExpressionBinding&amp; binding)
   at System.Data.Objects.ELinq.ExpressionConverter.MethodCallTranslator.OneLambdaTranslator.Translate(ExpressionConverter parent, MethodCallExpression call, DbExpression&amp; source, DbExpressionBinding&amp; sourceBinding, DbExpression&amp; lambda)
   at System.Data.Objects.ELinq.ExpressionConverter.MethodCallTranslator.SelectTranslator.Translate(ExpressionConverter parent, MethodCallExpression call)
   at System.Data.Objects.ELinq.ExpressionConverter.MethodCallTranslator.SequenceMethodTranslator.Translate(ExpressionConverter parent, MethodCallExpression call, SequenceMethod sequenceMethod)
   at System.Data.Objects.ELinq.ExpressionConverter.MethodCallTranslator.TypedTranslate(ExpressionConverter parent, MethodCallExpression linq)
   at System.Data.Objects.ELinq.ExpressionConverter.TypedTranslator`1.Translate(ExpressionConverter parent, Expression linq)
   at System.Data.Objects.ELinq.ExpressionConverter.TranslateExpression(Expression linq)
   at System.Data.Objects.ELinq.ExpressionConverter.MethodCallTranslator.UnarySequenceMethodTranslator.Translate(ExpressionConverter parent, MethodCallExpression call)
   at System.Data.Objects.ELinq.ExpressionConverter.MethodCallTranslator.SequenceMethodTranslator.Translate(ExpressionConverter parent, MethodCallExpression call, SequenceMethod sequenceMethod)
   at System.Data.Objects.ELinq.ExpressionConverter.MethodCallTranslator.TypedTranslate(ExpressionConverter parent, MethodCallExpression linq)
   at System.Data.Objects.ELinq.ExpressionConverter.TypedTranslator`1.Translate(ExpressionConverter parent, Expression linq)
   at System.Data.Objects.ELinq.ExpressionConverter.TranslateExpression(Expression linq)
   at System.Data.Objects.ELinq.ExpressionConverter.Convert()
   at System.Data.Objects.ELinq.ELinqQueryState.GetExecutionPlan(Nullable`1 forMergeOption)
   at System.Data.Objects.ObjectQuery`1.GetResults(Nullable`1 forMergeOption)
   at System.Data.Objects.ObjectQuery`1.System.Collections.Generic.IEnumerable&lt;T&gt;.GetEnumerator()
   at System.Linq.Enumerable.FirstOrDefault[TSource](IEnumerable`1 source)
   at System.Data.Objects.ELinq.ObjectQueryProvider.&lt;GetElementFunction&gt;b__1[TResult](IEnumerable`1 sequence)
   at System.Data.Objects.ELinq.ObjectQueryProvider.ExecuteSingle[TResult](IEnumerable`1 query, Expression queryRoot)
   at System.Data.Objects.ELinq.ObjectQueryProvider.System.Linq.IQueryProvider.Execute[S](Expression expression)
   at System.Linq.Queryable.FirstOrDefault[TSource](IQueryable`1 source)
   at RiskRatingProgressModule.Service.RRPService.GetStatusMasterByKey(Int32 idenKey) in D:\workspaces\2012\RiskRatingProgressModule\Service\RRPService.cs:line 499
   at RiskRatingProgressModuleTest.RRPServiceTest.DeleteStatusMasterTest() in D:\workspaces\2012\RiskRatingProgressModuleTest\RRPServiceTest.cs:line 132
</StackTrace>
        </ErrorInfo>
      </Output>
    </UnitTestResult>
    <UnitTestResult executionId="0ff41949-3993-429c-96f4-0c368ecfe8de" testId="888f80c7-a840-c617-453f-8216704c68f7" testName="UpdateIssuesExceptionTest" computerName="D790N0242" duration="00:00:00.1239232" startTime="2013-06-18T10:13:51.0487351+07:00" endTime="2013-06-18T10:13:51.1737263+07:00" testType="13cdc9d9-ddb5-4fa4-a97d-d965ccfc6d4b" outcome="Failed" testListId="8c84fa94-04c1-424b-9868-57a2d4851a1d" relativeResultsDirectory="0ff41949-3993-429c-96f4-0c368ecfe8de">
      <Output>
        <DebugTrace>RiskRatingProgressModule.Service.RRPService: 2013-06-18 10:13:51,048 [Agent: adapter run thread for test 'UpdateIssuesExceptionTest' with id '0ff41949-3993-429c-96f4-0c368ecfe8de'] DEBUG RiskRatingProgressModule.Service.RRPService (null) (null) - idenKey:1
</DebugTrace>
        <ErrorInfo>
          <Message>Test method RiskRatingProgressModuleTest.RRPServiceTest.UpdateIssuesExceptionTest did not throw expected exception System.Data.SqlClient.SqlException.</Message>
        </ErrorInfo>
      </Output>
    </UnitTestResult>
    <UnitTestResult executionId="3d414e8d-9d0f-43f6-b1cc-3470088d4a99" testId="8f529d6e-922e-2800-eecd-473e69f337e5" testName="DeleteIssuesTest" computerName="D790N0242" duration="00:00:00.2689037" startTime="2013-06-18T10:13:51.1737263+07:00" endTime="2013-06-18T10:13:51.4549565+07:00" testType="13cdc9d9-ddb5-4fa4-a97d-d965ccfc6d4b" outcome="Passed" testListId="8c84fa94-04c1-424b-9868-57a2d4851a1d" relativeResultsDirectory="3d414e8d-9d0f-43f6-b1cc-3470088d4a99">
      <Output>
        <DebugTrace>RiskRatingProgressModule.Service.RRPService: 2013-06-18 10:13:51,173 [Agent: adapter run thread for test 'DeleteIssuesTest' with id '3d414e8d-9d0f-43f6-b1cc-3470088d4a99'] DEBUG RiskRatingProgressModule.Service.RRPService (null) (null) - idenKey:1
RiskRatingProgressModule.Service.RRPService: 2013-06-18 10:13:51,314 [Agent: adapter run thread for test 'DeleteIssuesTest' with id '3d414e8d-9d0f-43f6-b1cc-3470088d4a99'] DEBUG RiskRatingProgressModule.Service.RRPService (null) (null) - idenKey:1
</DebugTrace>
      </Output>
    </UnitTestResult>
    <UnitTestResult executionId="38bf6cf0-946a-44b2-b0b8-2b25e2352718" testId="a0d5c397-0919-b642-3905-42be5c826f7a" testName="GetIssuesByUpDateStatusKeyTest" computerName="D790N0242" duration="00:00:00.1714419" startTime="2013-06-18T10:13:51.4862043+07:00" endTime="2013-06-18T10:13:51.6580672+07:00" testType="13cdc9d9-ddb5-4fa4-a97d-d965ccfc6d4b" outcome="Passed" testListId="8c84fa94-04c1-424b-9868-57a2d4851a1d" relativeResultsDirectory="38bf6cf0-946a-44b2-b0b8-2b25e2352718">
    </UnitTestResult>
    <UnitTestResult executionId="f47335fc-3b2d-4d76-9172-03d7dfd6323c" testId="c8cbf14c-572f-75cb-4d4f-b6f1222c7cb8" testName="GetIssuesByKeyTest" computerName="D790N0242" duration="00:00:00.0296540" startTime="2013-06-18T10:13:51.6580672+07:00" endTime="2013-06-18T10:13:51.6893150+07:00" testType="13cdc9d9-ddb5-4fa4-a97d-d965ccfc6d4b" outcome="Passed" testListId="8c84fa94-04c1-424b-9868-57a2d4851a1d" relativeResultsDirectory="f47335fc-3b2d-4d76-9172-03d7dfd6323c">
      <Output>
        <DebugTrace>RiskRatingProgressModule.Service.RRPService: 2013-06-18 10:13:51,658 [Agent: adapter run thread for test 'GetIssuesByKeyTest' with id 'f47335fc-3b2d-4d76-9172-03d7dfd6323c'] DEBUG RiskRatingProgressModule.Service.RRPService (null) (null) - idenKey:1
</DebugTrace>
      </Output>
    </UnitTestResult>
    <UnitTestResult executionId="1d5f61e7-8202-4732-9fb0-4a8a884ef58e" testId="d43455c6-bc27-5417-8970-b200d7b7d089" testName="DeleteStatusMasterByKeyTest" computerName="D790N0242" duration="00:00:00.0927486" startTime="2013-06-18T10:13:51.7049389+07:00" endTime="2013-06-18T10:13:51.8143062+07:00" testType="13cdc9d9-ddb5-4fa4-a97d-d965ccfc6d4b" outcome="Failed" testListId="8c84fa94-04c1-424b-9868-57a2d4851a1d" relativeResultsDirectory="1d5f61e7-8202-4732-9fb0-4a8a884ef58e">
      <Output>
        <ErrorInfo>
          <Message>Test method RiskRatingProgressModuleTest.RRPServiceTest.DeleteStatusMasterByKeyTest threw exception: 
System.NullReferenceException: Object reference not set to an instance of an object.</Message>
          <StackTrace>    at System.Data.Objects.ELinq.InitializerMetadata.ProjectionNewMetadata.IsStructurallyEquivalent(InitializerMetadata other)
   at System.Data.Objects.ELinq.InitializerMetadata.Equals(InitializerMetadata other)
   at System.Collections.Generic.GenericEqualityComparer`1.Equals(T x, T y)
   at System.Collections.Generic.Dictionary`2.FindEntry(TKey key)
   at System.Collections.Generic.Dictionary`2.TryGetValue(TKey key, TValue&amp; value)
   at System.Data.Common.Utils.Memoizer`2.Evaluate(TArg arg)
   at System.Data.Metadata.Edm.EdmItemCollection.GetCanonicalInitializerMetadata(InitializerMetadata metadata)
   at System.Data.Objects.ELinq.ExpressionConverter.NewTranslator.TypedTranslate(ExpressionConverter parent, NewExpression linq)
   at System.Data.Objects.ELinq.ExpressionConverter.TypedTranslator`1.Translate(ExpressionConverter parent, Expression linq)
   at System.Data.Objects.ELinq.ExpressionConverter.TranslateExpression(Expression linq)
   at System.Data.Objects.ELinq.ExpressionConverter.TranslateLambda(LambdaExpression lambda, DbExpression input)
   at System.Data.Objects.ELinq.ExpressionConverter.TranslateLambda(LambdaExpression lambda, DbExpression input, DbExpressionBinding&amp; binding)
   at System.Data.Objects.ELinq.ExpressionConverter.MethodCallTranslator.OneLambdaTranslator.Translate(ExpressionConverter parent, MethodCallExpression call, DbExpression&amp; source, DbExpressionBinding&amp; sourceBinding, DbExpression&amp; lambda)
   at System.Data.Objects.ELinq.ExpressionConverter.MethodCallTranslator.SelectTranslator.Translate(ExpressionConverter parent, MethodCallExpression call)
   at System.Data.Objects.ELinq.ExpressionConverter.MethodCallTranslator.SequenceMethodTranslator.Translate(ExpressionConverter parent, MethodCallExpression call, SequenceMethod sequenceMethod)
   at System.Data.Objects.ELinq.ExpressionConverter.MethodCallTranslator.TypedTranslate(ExpressionConverter parent, MethodCallExpression linq)
   at System.Data.Objects.ELinq.ExpressionConverter.TypedTranslator`1.Translate(ExpressionConverter parent, Expression linq)
   at System.Data.Objects.ELinq.ExpressionConverter.TranslateExpression(Expression linq)
   at System.Data.Objects.ELinq.ExpressionConverter.MethodCallTranslator.UnarySequenceMethodTranslator.Translate(ExpressionConverter parent, MethodCallExpression call)
   at System.Data.Objects.ELinq.ExpressionConverter.MethodCallTranslator.SequenceMethodTranslator.Translate(ExpressionConverter parent, MethodCallExpression call, SequenceMethod sequenceMethod)
   at System.Data.Objects.ELinq.ExpressionConverter.MethodCallTranslator.TypedTranslate(ExpressionConverter parent, MethodCallExpression linq)
   at System.Data.Objects.ELinq.ExpressionConverter.TypedTranslator`1.Translate(ExpressionConverter parent, Expression linq)
   at System.Data.Objects.ELinq.ExpressionConverter.TranslateExpression(Expression linq)
   at System.Data.Objects.ELinq.ExpressionConverter.Convert()
   at System.Data.Objects.ELinq.ELinqQueryState.GetExecutionPlan(Nullable`1 forMergeOption)
   at System.Data.Objects.ObjectQuery`1.GetResults(Nullable`1 forMergeOption)
   at System.Data.Objects.ObjectQuery`1.System.Collections.Generic.IEnumerable&lt;T&gt;.GetEnumerator()
   at System.Linq.Enumerable.FirstOrDefault[TSource](IEnumerable`1 source)
   at System.Data.Objects.ELinq.ObjectQueryProvider.&lt;GetElementFunction&gt;b__1[TResult](IEnumerable`1 sequence)
   at System.Data.Objects.ELinq.ObjectQueryProvider.ExecuteSingle[TResult](IEnumerable`1 query, Expression queryRoot)
   at System.Data.Objects.ELinq.ObjectQueryProvider.System.Linq.IQueryProvider.Execute[S](Expression expression)
   at System.Linq.Queryable.FirstOrDefault[TSource](IQueryable`1 source)
   at RiskRatingProgressModule.Service.RRPService.GetStatusMasterByKey(Int32 idenKey) in D:\workspaces\2012\RiskRatingProgressModule\Service\RRPService.cs:line 499
   at RiskRatingProgressModuleTest.RRPServiceTest.DeleteStatusMasterByKeyTest() in D:\workspaces\2012\RiskRatingProgressModuleTest\RRPServiceTest.cs:line 118
</StackTrace>
        </ErrorInfo>
      </Output>
    </UnitTestResult>
    <UnitTestResult executionId="e8f1b1aa-6c45-415d-905f-23ba750da216" testId="eeb2fd20-abb8-17bb-8b69-399713edb1f3" testName="UpdateStatusMasterTest" computerName="D790N0242" duration="00:00:00.0035649" startTime="2013-06-18T10:13:51.8143062+07:00" endTime="2013-06-18T10:13:51.8299301+07:00" testType="13cdc9d9-ddb5-4fa4-a97d-d965ccfc6d4b" outcome="Failed" testListId="8c84fa94-04c1-424b-9868-57a2d4851a1d" relativeResultsDirectory="e8f1b1aa-6c45-415d-905f-23ba750da216">
      <Output>
        <ErrorInfo>
          <Message>Test method RiskRatingProgressModuleTest.RRPServiceTest.UpdateStatusMasterTest threw exception: 
System.NullReferenceException: Object reference not set to an instance of an object.</Message>
          <StackTrace>    at System.Data.Objects.ELinq.InitializerMetadata.ProjectionNewMetadata.IsStructurallyEquivalent(InitializerMetadata other)
   at System.Data.Objects.ELinq.InitializerMetadata.Equals(InitializerMetadata other)
   at System.Collections.Generic.GenericEqualityComparer`1.Equals(T x, T y)
   at System.Collections.Generic.Dictionary`2.FindEntry(TKey key)
   at System.Collections.Generic.Dictionary`2.TryGetValue(TKey key, TValue&amp; value)
   at System.Data.Common.Utils.Memoizer`2.Evaluate(TArg arg)
   at System.Data.Metadata.Edm.EdmItemCollection.GetCanonicalInitializerMetadata(InitializerMetadata metadata)
   at System.Data.Objects.ELinq.ExpressionConverter.NewTranslator.TypedTranslate(ExpressionConverter parent, NewExpression linq)
   at System.Data.Objects.ELinq.ExpressionConverter.TypedTranslator`1.Translate(ExpressionConverter parent, Expression linq)
   at System.Data.Objects.ELinq.ExpressionConverter.TranslateExpression(Expression linq)
   at System.Data.Objects.ELinq.ExpressionConverter.TranslateLambda(LambdaExpression lambda, DbExpression input)
   at System.Data.Objects.ELinq.ExpressionConverter.TranslateLambda(LambdaExpression lambda, DbExpression input, DbExpressionBinding&amp; binding)
   at System.Data.Objects.ELinq.ExpressionConverter.MethodCallTranslator.OneLambdaTranslator.Translate(ExpressionConverter parent, MethodCallExpression call, DbExpression&amp; source, DbExpressionBinding&amp; sourceBinding, DbExpression&amp; lambda)
   at System.Data.Objects.ELinq.ExpressionConverter.MethodCallTranslator.SelectTranslator.Translate(ExpressionConverter parent, MethodCallExpression call)
   at System.Data.Objects.ELinq.ExpressionConverter.MethodCallTranslator.SequenceMethodTranslator.Translate(ExpressionConverter parent, MethodCallExpression call, SequenceMethod sequenceMethod)
   at System.Data.Objects.ELinq.ExpressionConverter.MethodCallTranslator.TypedTranslate(ExpressionConverter parent, MethodCallExpression linq)
   at System.Data.Objects.ELinq.ExpressionConverter.TypedTranslator`1.Translate(ExpressionConverter parent, Expression linq)
   at System.Data.Objects.ELinq.ExpressionConverter.TranslateExpression(Expression linq)
   at System.Data.Objects.ELinq.ExpressionConverter.MethodCallTranslator.UnarySequenceMethodTranslator.Translate(ExpressionConverter parent, MethodCallExpression call)
   at System.Data.Objects.ELinq.ExpressionConverter.MethodCallTranslator.SequenceMethodTranslator.Translate(ExpressionConverter parent, MethodCallExpression call, SequenceMethod sequenceMethod)
   at System.Data.Objects.ELinq.ExpressionConverter.MethodCallTranslator.TypedTranslate(ExpressionConverter parent, MethodCallExpression linq)
   at System.Data.Objects.ELinq.ExpressionConverter.TypedTranslator`1.Translate(ExpressionConverter parent, Expression linq)
   at System.Data.Objects.ELinq.ExpressionConverter.TranslateExpression(Expression linq)
   at System.Data.Objects.ELinq.ExpressionConverter.Convert()
   at System.Data.Objects.ELinq.ELinqQueryState.GetExecutionPlan(Nullable`1 forMergeOption)
   at System.Data.Objects.ObjectQuery`1.GetResults(Nullable`1 forMergeOption)
   at System.Data.Objects.ObjectQuery`1.System.Collections.Generic.IEnumerable&lt;T&gt;.GetEnumerator()
   at System.Linq.Enumerable.FirstOrDefault[TSource](IEnumerable`1 source)
   at System.Data.Objects.ELinq.ObjectQueryProvider.&lt;GetElementFunction&gt;b__1[TResult](IEnumerable`1 sequence)
   at System.Data.Objects.ELinq.ObjectQueryProvider.ExecuteSingle[TResult](IEnumerable`1 query, Expression queryRoot)
   at System.Data.Objects.ELinq.ObjectQueryProvider.System.Linq.IQueryProvider.Execute[S](Expression expression)
   at System.Linq.Queryable.FirstOrDefault[TSource](IQueryable`1 source)
   at RiskRatingProgressModule.Service.RRPService.GetStatusMasterByKey(Int32 idenKey) in D:\workspaces\2012\RiskRatingProgressModule\Service\RRPService.cs:line 499
   at RiskRatingProgressModuleTest.RRPServiceTest.UpdateStatusMasterTest() in D:\workspaces\2012\RiskRatingProgressModuleTest\RRPServiceTest.cs:line 403
</StackTrace>
        </ErrorInfo>
      </Output>
    </UnitTestResult>
    <UnitTestResult executionId="f5cbd7ba-95d1-4203-bf45-ee221e939ca5" testId="ef8ff8a2-58af-ce80-06a9-972f4675aaac" testName="GetStatusMasterByKeyTest" computerName="D790N0242" duration="00:00:00.0234767" startTime="2013-06-18T10:13:51.8299301+07:00" endTime="2013-06-18T10:13:51.8768018+07:00" testType="13cdc9d9-ddb5-4fa4-a97d-d965ccfc6d4b" outcome="Failed" testListId="8c84fa94-04c1-424b-9868-57a2d4851a1d" relativeResultsDirectory="f5cbd7ba-95d1-4203-bf45-ee221e939ca5">
      <Output>
        <ErrorInfo>
          <Message>Test method RiskRatingProgressModuleTest.RRPServiceTest.GetStatusMasterByKeyTest threw exception: 
System.NullReferenceException: Object reference not set to an instance of an object.</Message>
          <StackTrace>    at System.Data.Objects.ELinq.InitializerMetadata.ProjectionNewMetadata.IsStructurallyEquivalent(InitializerMetadata other)
   at System.Data.Objects.ELinq.InitializerMetadata.Equals(InitializerMetadata other)
   at System.Collections.Generic.GenericEqualityComparer`1.Equals(T x, T y)
   at System.Collections.Generic.Dictionary`2.FindEntry(TKey key)
   at System.Collections.Generic.Dictionary`2.TryGetValue(TKey key, TValue&amp; value)
   at System.Data.Common.Utils.Memoizer`2.Evaluate(TArg arg)
   at System.Data.Metadata.Edm.EdmItemCollection.GetCanonicalInitializerMetadata(InitializerMetadata metadata)
   at System.Data.Objects.ELinq.ExpressionConverter.NewTranslator.TypedTranslate(ExpressionConverter parent, NewExpression linq)
   at System.Data.Objects.ELinq.ExpressionConverter.TypedTranslator`1.Translate(ExpressionConverter parent, Expression linq)
   at System.Data.Objects.ELinq.ExpressionConverter.TranslateExpression(Expression linq)
   at System.Data.Objects.ELinq.ExpressionConverter.TranslateLambda(LambdaExpression lambda, DbExpression input)
   at System.Data.Objects.ELinq.ExpressionConverter.TranslateLambda(LambdaExpression lambda, DbExpression input, DbExpressionBinding&amp; binding)
   at System.Data.Objects.ELinq.ExpressionConverter.MethodCallTranslator.OneLambdaTranslator.Translate(ExpressionConverter parent, MethodCallExpression call, DbExpression&amp; source, DbExpressionBinding&amp; sourceBinding, DbExpression&amp; lambda)
   at System.Data.Objects.ELinq.ExpressionConverter.MethodCallTranslator.SelectTranslator.Translate(ExpressionConverter parent, MethodCallExpression call)
   at System.Data.Objects.ELinq.ExpressionConverter.MethodCallTranslator.SequenceMethodTranslator.Translate(ExpressionConverter parent, MethodCallExpression call, SequenceMethod sequenceMethod)
   at System.Data.Objects.ELinq.ExpressionConverter.MethodCallTranslator.TypedTranslate(ExpressionConverter parent, MethodCallExpression linq)
   at System.Data.Objects.ELinq.ExpressionConverter.TypedTranslator`1.Translate(ExpressionConverter parent, Expression linq)
   at System.Data.Objects.ELinq.ExpressionConverter.TranslateExpression(Expression linq)
   at System.Data.Objects.ELinq.ExpressionConverter.MethodCallTranslator.UnarySequenceMethodTranslator.Translate(ExpressionConverter parent, MethodCallExpression call)
   at System.Data.Objects.ELinq.ExpressionConverter.MethodCallTranslator.SequenceMethodTranslator.Translate(ExpressionConverter parent, MethodCallExpression call, SequenceMethod sequenceMethod)
   at System.Data.Objects.ELinq.ExpressionConverter.MethodCallTranslator.TypedTranslate(ExpressionConverter parent, MethodCallExpression linq)
   at System.Data.Objects.ELinq.ExpressionConverter.TypedTranslator`1.Translate(ExpressionConverter parent, Expression linq)
   at System.Data.Objects.ELinq.ExpressionConverter.TranslateExpression(Expression linq)
   at System.Data.Objects.ELinq.ExpressionConverter.Convert()
   at System.Data.Objects.ELinq.ELinqQueryState.GetExecutionPlan(Nullable`1 forMergeOption)
   at System.Data.Objects.ObjectQuery`1.GetResults(Nullable`1 forMergeOption)
   at System.Data.Objects.ObjectQuery`1.System.Collections.Generic.IEnumerable&lt;T&gt;.GetEnumerator()
   at System.Linq.Enumerable.FirstOrDefault[TSource](IEnumerable`1 source)
   at System.Data.Objects.ELinq.ObjectQueryProvider.&lt;GetElementFunction&gt;b__1[TResult](IEnumerable`1 sequence)
   at System.Data.Objects.ELinq.ObjectQueryProvider.ExecuteSingle[TResult](IEnumerable`1 query, Expression queryRoot)
   at System.Data.Objects.ELinq.ObjectQueryProvider.System.Linq.IQueryProvider.Execute[S](Expression expression)
   at System.Linq.Queryable.FirstOrDefault[TSource](IQueryable`1 source)
   at RiskRatingProgressModule.Service.RRPService.GetStatusMasterByKey(Int32 idenKey) in D:\workspaces\2012\RiskRatingProgressModule\Service\RRPService.cs:line 499
   at RiskRatingProgressModuleTest.RRPServiceTest.GetStatusMasterByKeyTest() in D:\workspaces\2012\RiskRatingProgressModuleTest\RRPServiceTest.cs:line 431
</StackTrace>
        </ErrorInfo>
      </Output>
    </UnitTestResult>
  </Results>
</TestRun>